Component: ARM Compiler 5.06 update 5 (build 528) Tool: armlink [4d35e2]

==============================================================================

Section Cross References

    startup_stm32f10x_md.o(STACK) refers (Special) to heapauxi.o(.text) for __use_two_region_memory
    startup_stm32f10x_md.o(HEAP) refers (Special) to heapauxi.o(.text) for __use_two_region_memory
    startup_stm32f10x_md.o(RESET) refers (Special) to heapauxi.o(.text) for __use_two_region_memory
    startup_stm32f10x_md.o(RESET) refers to startup_stm32f10x_md.o(STACK) for __initial_sp
    startup_stm32f10x_md.o(RESET) refers to startup_stm32f10x_md.o(.text) for Reset_Handler
    startup_stm32f10x_md.o(RESET) refers to stm32f10x_it.o(i.NMI_Handler) for NMI_Handler
    startup_stm32f10x_md.o(RESET) refers to stm32f10x_it.o(i.HardFault_Handler) for HardFault_Handler
    startup_stm32f10x_md.o(RESET) refers to stm32f10x_it.o(i.MemManage_Handler) for MemManage_Handler
    startup_stm32f10x_md.o(RESET) refers to stm32f10x_it.o(i.BusFault_Handler) for BusFault_Handler
    startup_stm32f10x_md.o(RESET) refers to stm32f10x_it.o(i.UsageFault_Handler) for UsageFault_Handler
    startup_stm32f10x_md.o(RESET) refers to stm32f10x_it.o(i.SVC_Handler) for SVC_Handler
    startup_stm32f10x_md.o(RESET) refers to stm32f10x_it.o(i.DebugMon_Handler) for DebugMon_Handler
    startup_stm32f10x_md.o(RESET) refers to stm32f10x_it.o(i.PendSV_Handler) for PendSV_Handler
    startup_stm32f10x_md.o(RESET) refers to stm32f10x_it.o(i.SysTick_Handler) for SysTick_Handler
    startup_stm32f10x_md.o(RESET) refers to serial_1.o(i.USART1_IRQHandler) for USART1_IRQHandler
    startup_stm32f10x_md.o(RESET) refers to gps.o(i.USART2_IRQHandler) for USART2_IRQHandler
    startup_stm32f10x_md.o(.text) refers (Special) to heapauxi.o(.text) for __use_two_region_memory
    startup_stm32f10x_md.o(.text) refers to system_stm32f10x.o(i.SystemInit) for SystemInit
    startup_stm32f10x_md.o(.text) refers to __main.o(!!!main) for __main
    startup_stm32f10x_md.o(.text) refers to startup_stm32f10x_md.o(HEAP) for Heap_Mem
    startup_stm32f10x_md.o(.text) refers to startup_stm32f10x_md.o(STACK) for Stack_Mem
    system_stm32f10x.o(i.SetSysClock) refers to system_stm32f10x.o(i.SetSysClockTo72) for SetSysClockTo72
    system_stm32f10x.o(i.SystemCoreClockUpdate) refers to system_stm32f10x.o(.data) for SystemCoreClock
    system_stm32f10x.o(i.SystemInit) refers to system_stm32f10x.o(i.SetSysClock) for SetSysClock
    stm32f10x_adc.o(i.ADC_DeInit) refers to stm32f10x_rcc.o(i.RCC_APB2PeriphResetCmd) for RCC_APB2PeriphResetCmd
    stm32f10x_bkp.o(i.BKP_DeInit) refers to stm32f10x_rcc.o(i.RCC_BackupResetCmd) for RCC_BackupResetCmd
    stm32f10x_can.o(i.CAN_DeInit) refers to stm32f10x_rcc.o(i.RCC_APB1PeriphResetCmd) for RCC_APB1PeriphResetCmd
    stm32f10x_can.o(i.CAN_GetITStatus) refers to stm32f10x_can.o(i.CheckITStatus) for CheckITStatus
    stm32f10x_cec.o(i.CEC_DeInit) refers to stm32f10x_rcc.o(i.RCC_APB1PeriphResetCmd) for RCC_APB1PeriphResetCmd
    stm32f10x_dac.o(i.DAC_DeInit) refers to stm32f10x_rcc.o(i.RCC_APB1PeriphResetCmd) for RCC_APB1PeriphResetCmd
    stm32f10x_flash.o(i.FLASH_EnableWriteProtection) refers to stm32f10x_flash.o(i.FLASH_WaitForLastOperation) for FLASH_WaitForLastOperation
    stm32f10x_flash.o(i.FLASH_EraseAllBank1Pages) refers to stm32f10x_flash.o(i.FLASH_WaitForLastBank1Operation) for FLASH_WaitForLastBank1Operation
    stm32f10x_flash.o(i.FLASH_EraseAllPages) refers to stm32f10x_flash.o(i.FLASH_WaitForLastOperation) for FLASH_WaitForLastOperation
    stm32f10x_flash.o(i.FLASH_EraseOptionBytes) refers to stm32f10x_flash.o(i.FLASH_GetReadOutProtectionStatus) for FLASH_GetReadOutProtectionStatus
    stm32f10x_flash.o(i.FLASH_EraseOptionBytes) refers to stm32f10x_flash.o(i.FLASH_WaitForLastOperation) for FLASH_WaitForLastOperation
    stm32f10x_flash.o(i.FLASH_ErasePage) refers to stm32f10x_flash.o(i.FLASH_WaitForLastOperation) for FLASH_WaitForLastOperation
    stm32f10x_flash.o(i.FLASH_ProgramHalfWord) refers to stm32f10x_flash.o(i.FLASH_WaitForLastOperation) for FLASH_WaitForLastOperation
    stm32f10x_flash.o(i.FLASH_ProgramOptionByteData) refers to stm32f10x_flash.o(i.FLASH_WaitForLastOperation) for FLASH_WaitForLastOperation
    stm32f10x_flash.o(i.FLASH_ProgramWord) refers to stm32f10x_flash.o(i.FLASH_WaitForLastOperation) for FLASH_WaitForLastOperation
    stm32f10x_flash.o(i.FLASH_ReadOutProtection) refers to stm32f10x_flash.o(i.FLASH_WaitForLastOperation) for FLASH_WaitForLastOperation
    stm32f10x_flash.o(i.FLASH_UserOptionByteConfig) refers to stm32f10x_flash.o(i.FLASH_WaitForLastOperation) for FLASH_WaitForLastOperation
    stm32f10x_flash.o(i.FLASH_WaitForLastBank1Operation) refers to stm32f10x_flash.o(i.FLASH_GetBank1Status) for FLASH_GetBank1Status
    stm32f10x_flash.o(i.FLASH_WaitForLastOperation) refers to stm32f10x_flash.o(i.FLASH_GetBank1Status) for FLASH_GetBank1Status
[...]
    .text                                    0x0800090e   Section        0  _printf_intcommon.o(.text)
    .text                                    0x080009c0   Section        0  _printf_fp_dec.o(.text)
    _fp_digits                               0x080009c3   Thumb Code   432  _printf_fp_dec.o(.text)
    .text                                    0x08000de0   Section        0  _printf_fp_hex.o(.text)
    .text                                    0x080010dc   Section        0  _printf_char.o(.text)
    .text                                    0x08001108   Section        0  _printf_wchar.o(.text)
    .text                                    0x08001134   Section        0  _wcrtomb.o(.text)
    .text                                    0x08001174   Section       74  sys_stackheap_outer.o(.text)
    .text                                    0x080011c0   Section       16  rt_ctype_table.o(.text)
    .text                                    0x080011d0   Section        8  rt_locale_intlibspace.o(.text)
    .text                                    0x080011d8   Section        0  _printf_fp_infnan.o(.text)
    .text                                    0x08001258   Section        0  bigflt0.o(.text)
    .text                                    0x0800133c   Section        0  exit.o(.text)
    .text                                    0x08001350   Section        8  libspace.o(.text)
    .text                                    0x08001358   Section        0  sys_exit.o(.text)
    .text                                    0x08001364   Section        2  use_no_semi.o(.text)
    .text                                    0x08001366   Section        0  indicate_semi.o(.text)
    CL$$btod_d2e                             0x08001366   Section       62  btod.o(CL$$btod_d2e)
    CL$$btod_d2e_denorm_low                  0x080013a4   Section       70  btod.o(CL$$btod_d2e_denorm_low)
    CL$$btod_d2e_norm_op1                    0x080013ea   Section       96  btod.o(CL$$btod_d2e_norm_op1)
    CL$$btod_div_common                      0x0800144a   Section      824  btod.o(CL$$btod_div_common)
    CL$$btod_e2e                             0x08001782   Section      220  btod.o(CL$$btod_e2e)
    CL$$btod_ediv                            0x0800185e   Section       42  btod.o(CL$$btod_ediv)
    CL$$btod_emul                            0x08001888   Section       42  btod.o(CL$$btod_emul)
    CL$$btod_mult_common                     0x080018b2   Section      580  btod.o(CL$$btod_mult_common)
    i.BusFault_Handler                       0x08001af6   Section        0  stm32f10x_it.o(i.BusFault_Handler)
    i.DHT11_GPIO_Config                      0x08001afc   Section        0  dht11.o(i.DHT11_GPIO_Config)
    i.DHT11_Mode_IPU                         0x08001b30   Section        0  dht11.o(i.DHT11_Mode_IPU)
    DHT11_Mode_IPU                           0x08001b31   Thumb Code    24  dht11.o(i.DHT11_Mode_IPU)
    i.DHT11_Mode_Out_PP                      0x08001b4c   Section        0  dht11.o(i.DHT11_Mode_Out_PP)
    DHT11_Mode_Out_PP                        0x08001b4d   Thumb Code    30  dht11.o(i.DHT11_Mode_Out_PP)
    i.DebugMon_Handler                       0x08001b70   Section        0  stm32f10x_it.o(i.DebugMon_Handler)
    i.Delay_ms                               0x08001b72   Section        0  delay.o(i.Delay_ms)
    i.Delay_s                                0x08001b8a   Section        0  delay.o(i.Delay_s)
    i.Delay_us                               0x08001ba2   Section        0  delay.o(i.Delay_us)
    i.GPIO_Init                              0x08001bd0   Section        0  stm32f10x_gpio.o(i.GPIO_Init)
    i.GPIO_ReadInputDataBit                  0x08001ce6   Section        0  stm32f10x_gpio.o(i.GPIO_ReadInputDataBit)
    i.GPIO_ResetBits                         0x08001cf8   Section        0  stm32f10x_gpio.o(i.GPIO_ResetBits)
    i.GPIO_SetBits                           0x08001cfc   Section        0  stm32f10x_gpio.o(i.GPIO_SetBits)
    i.GPIO_WriteBit                          0x08001d00   Section        0  stm32f10x_gpio.o(i.GPIO_WriteBit)
    i.GPS_Init                               0x08001d0c   Section        0  gps.o(i.GPS_Init)
    i.HardFault_Handler                      0x08001dc4   Section        0  stm32f10x_it.o(i.HardFault_Handler)
    i.MFRC522_AntennaOn                      0x08001dc8   Section        0  rc522_1.o(i.MFRC522_AntennaOn)
    i.MFRC522_Anticoll                       0x08001de2   Section        0  rc522_1.o(i.MFRC522_Anticoll)
    i.MFRC522_ClearBitMask                   0x08001e2c   Section        0  rc522_1.o(i.MFRC522_ClearBitMask)
    i.MFRC522_Init                           0x08001e46   Section        0  rc522_1.o(i.MFRC522_Init)
    i.MFRC522_ReadRegister                   0x08001e8a   Section        0  rc522_1.o(i.MFRC522_ReadRegister)
    i.MFRC522_Request                        0x08001ea4   Section        0  rc522_1.o(i.MFRC522_Request)
    i.MFRC522_Reset                          0x08001ed6   Section        0  rc522_1.o(i.MFRC522_Reset)
    i.MFRC522_SetBitMask                     0x08001ee2   Section        0  rc522_1.o(i.MFRC522_SetBitMask)
    i.MFRC522_ToCard                         0x08001efc   Section        0  rc522_1.o(i.MFRC522_ToCard)
    i.MFRC522_WriteRegister                  0x08002026   Section        0  rc522_1.o(i.MFRC522_WriteRegister)
    i.MemManage_Handler                      0x0800203c   Section        0  stm32f10x_it.o(i.MemManage_Handler)
    i.My_Servo_SetAngle                      0x08002040   Section        0  abc.o(i.My_Servo_SetAngle)
    i.NMI_Handler                            0x08002080   Section        0  stm32f10x_it.o(i.NMI_Handler)
    i.NVIC_Init                              0x08002084   Section        0  misc.o(i.NVIC_Init)
    i.NVIC_PriorityGroupConfig               0x080020f4   Section        0  misc.o(i.NVIC_PriorityGroupConfig)
    i.OLED_Clear                             0x08002108   Section        0  oled_1.o(i.OLED_Clear)
    i.OLED_I2C_Init                          0x08002134   Section        0  oled_1.o(i.OLED_I2C_Init)
    i.OLED_I2C_SendByte                      0x08002184   Section        0  oled_1.o(i.OLED_I2C_SendByte)
    i.OLED_I2C_Start                         0x080021d8   Section        0  oled_1.o(i.OLED_I2C_Start)
    i.OLED_I2C_Stop                          0x0800220c   Section        0  oled_1.o(i.OLED_I2C_Stop)
    i.OLED_Init                              0x08002234   Section        0  oled_1.o(i.OLED_Init)
    i.OLED_Pow                               0x080022e2   Section        0  oled_1.o(i.OLED_Pow)
    i.OLED_SetCursor                         0x080022f6   Section        0  oled_1.o(i.OLED_SetCursor)
    i.OLED_ShowChar                          0x08002318   Section        0  oled_1.o(i.OLED_ShowChar)
    i.OLED_ShowNum                           0x0800238c   Section        0  oled_1.o(i.OLED_ShowNum)
    i.OLED_ShowString                        0x080023d0   Section        0  oled_1.o(i.OLED_ShowString)
    i.OLED_WriteCommand                      0x080023f8   Section        0  oled_1.o(i.OLED_WriteCommand)
    i.OLED_WriteData                         0x08002418   Section        0  oled_1.o(i.OLED_WriteData)
    i.PWM_Init                               0x08002438   Section        0  pwm.o(i.PWM_Init)
    i.PWM_SetCompare2                        0x080024d0   Section        0  pwm.o(i.PWM_SetCompare2)
    i.PendSV_Handler                         0x080024e0   Section        0  stm32f10x_it.o(i.PendSV_Handler)
    i.RC522_cardScan                         0x080024e2   Section        0  rc522_1.o(i.RC522_cardScan)
    i.RCC_APB1PeriphClockCmd                 0x08002500   Section        0  stm32f10x_rcc.o(i.RCC_APB1PeriphClockCmd)
    i.RCC_APB1PeriphResetCmd                 0x08002520   Section        0  stm32f10x_rcc.o(i.RCC_APB1PeriphResetCmd)
    i.RCC_APB2PeriphClockCmd                 0x08002540   Section        0  stm32f10x_rcc.o(i.RCC_APB2PeriphClockCmd)
    i.RCC_APB2PeriphResetCmd                 0x08002560   Section        0  stm32f10x_rcc.o(i.RCC_APB2PeriphResetCmd)
    i.RCC_GetClocksFreq                      0x08002580   Section        0  stm32f10x_rcc.o(i.RCC_GetClocksFreq)
    i.Read_Byte                              0x08002654   Section        0  dht11.o(i.Read_Byte)
    Read_Byte                                0x08002655   Thumb Code    90  dht11.o(i.Read_Byte)
    i.Read_DHT11                             0x080026b4   Section        0  dht11.o(i.Read_DHT11)
    i.SPI1_Init                              0x08002754   Section        0  spi_1.o(i.SPI1_Init)
    SPI1_Init                                0x08002755   Thumb Code   192  spi_1.o(i.SPI1_Init)
    i.SPI1_ReadReg                           0x08002820   Section        0  rc522_1.o(i.SPI1_ReadReg)
    i.SPI1_WriteReg                          0x08002864   Section        0  rc522_1.o(i.SPI1_WriteReg)
    i.SPI2_Init                              0x080028a4   Section        0  spi_1.o(i.SPI2_Init)
    SPI2_Init                                0x080028a5   Thumb Code   196  spi_1.o(i.SPI2_Init)
    i.SPI_CS_WritePin                        0x08002974   Section        0  spi_1.o(i.SPI_CS_WritePin)
    SPI_CS_WritePin                          0x08002975   Thumb Code    42  spi_1.o(i.SPI_CS_WritePin)
    i.SPI_Cmd                                0x080029b0   Section        0  stm32f10x_spi.o(i.SPI_Cmd)
    i.SPI_I2S_DeInit                         0x080029c8   Section        0  stm32f10x_spi.o(i.SPI_I2S_DeInit)
    i.SPI_I2S_GetFlagStatus                  0x08002a20   Section        0  stm32f10x_spi.o(i.SPI_I2S_GetFlagStatus)
    i.SPI_I2S_ReceiveData                    0x08002a32   Section        0  stm32f10x_spi.o(i.SPI_I2S_ReceiveData)
    i.SPI_I2S_SendData                       0x08002a38   Section        0  stm32f10x_spi.o(i.SPI_I2S_SendData)
    i.SPI_Init                               0x08002a3c   Section        0  stm32f10x_spi.o(i.SPI_Init)
    i.SPI_WriteRead                          0x08002a78   Section        0  spi_1.o(i.SPI_WriteRead)
    SPI_WriteRead                            0x08002a79   Thumb Code    82  spi_1.o(i.SPI_WriteRead)
    i.SVC_Handler                            0x08002aca   Section        0  stm32f10x_it.o(i.SVC_Handler)
    i.Serial_Init                            0x08002acc   Section        0  serial_1.o(i.Serial_Init)
    i.Serial_Printf                          0x08002b88   Section        0  serial_1.o(i.Serial_Printf)
    i.Serial_SendString                      0x08002bac   Section        0  serial_1.o(i.Serial_SendString)
    i.Servo_Init                             0x08002bdc   Section        0  servo.o(i.Servo_Init)
    i.Servo_SetAngle                         0x08002be4   Section        0  servo.o(i.Servo_SetAngle)
    i.SetSysClock                            0x08002c20   Section        0  system_stm32f10x.o(i.SetSysClock)
    SetSysClock                              0x08002c21   Thumb Code     8  system_stm32f10x.o(i.SetSysClock)
    i.SetSysClockTo72                        0x08002c28   Section        0  system_stm32f10x.o(i.SetSysClockTo72)
    SetSysClockTo72                          0x08002c29   Thumb Code   214  system_stm32f10x.o(i.SetSysClockTo72)
    i.SysTick_Handler                        0x08002d08   Section        0  stm32f10x_it.o(i.SysTick_Handler)
    i.SystemInit                             0x08002d0c   Section        0  system_stm32f10x.o(i.SystemInit)
    i.TIM_Cmd                                0x08002d6c   Section        0  stm32f10x_tim.o(i.TIM_Cmd)
    i.TIM_InternalClockConfig                0x08002d84   Section        0  stm32f10x_tim.o(i.TIM_InternalClockConfig)
    i.TIM_OC2Init                            0x08002d90   Section        0  stm32f10x_tim.o(i.TIM_OC2Init)
    i.TIM_OCStructInit                       0x08002e34   Section        0  stm32f10x_tim.o(i.TIM_OCStructInit)
    i.TIM_SetCompare2                        0x08002e48   Section        0  stm32f10x_tim.o(i.TIM_SetCompare2)
    i.TIM_TimeBaseInit                       0x08002e4c   Section        0  stm32f10x_tim.o(i.TIM_TimeBaseInit)
    i.USART1_IRQHandler                      0x08002ef0   Section        0  serial_1.o(i.USART1_IRQHandler)
    i.USART2_IRQHandler                      0x08002f6c   Section        0  gps.o(i.USART2_IRQHandler)
    i.USART_Cmd                              0x08002fe8   Section        0  stm32f10x_usart.o(i.USART_Cmd)
    i.USART_GetFlagStatus                    0x08003000   Section        0  stm32f10x_usart.o(i.USART_GetFlagStatus)
    i.USART_GetITStatus                      0x0800301a   Section        0  stm32f10x_usart.o(i.USART_GetITStatus)
    i.USART_ITConfig                         0x0800306e   Section        0  stm32f10x_usart.o(i.USART_ITConfig)
    i.USART_Init                             0x080030b8   Section        0  stm32f10x_usart.o(i.USART_Init)
    i.USART_ReceiveData                      0x08003190   Section        0  stm32f10x_usart.o(i.USART_ReceiveData)
    i.USART_SendData                         0x0800319a   Section        0  stm32f10x_usart.o(i.USART_SendData)
    i.UsageFault_Handler                     0x080031a2   Section        0  stm32f10x_it.o(i.UsageFault_Handler)
    i.Wifi_TCP_Init                          0x080031a8   Section        0  8266wifi.o(i.Wifi_TCP_Init)
    i.__ARM_fpclassify                       0x08003290   Section        0  fpclassify.o(i.__ARM_fpclassify)
    i._is_digit                              0x080032b8   Section        0  __printf_wp.o(i._is_digit)
    i.beep_set                               0x080032c8   Section        0  abc.o(i.beep_set)
    i.main                                   0x0800331c   Section        0  main.o(i.main)
    i.send_gps                               0x080033a0   Section        0  abc.o(i.send_gps)
    i.send_idcard                            0x08003408   Section        0  abc.o(i.send_idcard)
    i.send_wunshidu                          0x08003444   Section        0  abc.o(i.send_wunshidu)
    locale$$code                             0x08003490   Section       44  lc_numeric_c.o(locale$$code)
    locale$$code                             0x080034bc   Section       44  lc_ctype_c.o(locale$$code)
    x$fpl$fadd                               0x080034e8   Section      196  faddsub_clz.o(x$fpl$fadd)
    _fadd1                                   0x080034f7   Thumb Code     0  faddsub_clz.o(x$fpl$fadd)
    x$fpl$fdiv                               0x080035ac   Section      388  fdiv.o(x$fpl$fdiv)
    _fdiv1                                   0x080035ad   Thumb Code     0  fdiv.o(x$fpl$fdiv)
    x$fpl$ffixu                              0x08003730   Section       62  ffixu.o(x$fpl$ffixu)
    x$fpl$fmul                               0x08003770   Section      258  fmul.o(x$fpl$fmul)
    x$fpl$fnaninf                            0x08003872   Section      140  fnaninf.o(x$fpl$fnaninf)
    x$fpl$fretinf                            0x080038fe   Section       10  fretinf.o(x$fpl$fretinf)
    x$fpl$fsub                               0x08003908   Section      234  faddsub_clz.o(x$fpl$fsub)
    _fsub1                                   0x08003917   Thumb Code     0  faddsub_clz.o(x$fpl$fsub)
    x$fpl$printf1                            0x080039f2   Section        4  printf1.o(x$fpl$printf1)
    x$fpl$printf2                            0x080039f6   Section        4  printf2.o(x$fpl$printf2)
    .constdata                               0x080039fa   Section     1520  oled_1.o(.constdata)
    x$fpl$usenofp                            0x080039fa   Section        0  usenofp.o(x$fpl$usenofp)
    .constdata                               0x08003fec   Section        8  _printf_wctomb.o(.constdata)
    initial_mbstate                          0x08003fec   Data           8  _printf_wctomb.o(.constdata)
    .constdata                               0x08003ff4   Section       40  _printf_hex_int_ll_ptr.o(.constdata)
    uc_hextab                                0x08003ff4   Data          20  _printf_hex_int_ll_ptr.o(.constdata)
    lc_hextab                                0x08004008   Data          20  _printf_hex_int_ll_ptr.o(.constdata)
    .constdata                               0x0800401c   Section       17  __printf_flags_ss_wp.o(.constdata)
    maptable                                 0x0800401c   Data          17  __printf_flags_ss_wp.o(.constdata)
    .constdata                               0x0800402d   Section       38  _printf_fp_hex.o(.constdata)
    lc_hextab                                0x0800402d   Data          19  _printf_fp_hex.o(.constdata)
    uc_hextab                                0x08004040   Data          19  _printf_fp_hex.o(.constdata)
    .constdata                               0x08004054   Section      148  bigflt0.o(.constdata)
    tenpwrs_x                                0x08004054   Data          60  bigflt0.o(.constdata)
    tenpwrs_i                                0x08004090   Data          64  bigflt0.o(.constdata)
    locale$$data                             0x08004108   Section       28  lc_numeric_c.o(locale$$data)
    __lcnum_c_name                           0x0800410c   Data           2  lc_numeric_c.o(locale$$data)
    __lcnum_c_start                          0x08004114   Data           0  lc_numeric_c.o(locale$$data)
    __lcnum_c_point                          0x08004120   Data           0  lc_numeric_c.o(locale$$data)
    __lcnum_c_thousands                      0x08004122   Data           0  lc_numeric_c.o(locale$$data)
    __lcnum_c_grouping                       0x08004123   Data           0  lc_numeric_c.o(locale$$data)
    locale$$data                             0x08004124   Section      272  lc_ctype_c.o(locale$$data)
    __lcnum_c_end                            0x08004124   Data           0  lc_numeric_c.o(locale$$data)
    __lcctype_c_name                         0x08004128   Data           2  lc_ctype_c.o(locale$$data)
    __lcctype_c_start                        0x08004130   Data           0  lc_ctype_c.o(locale$$data)
    __lcctype_c_end                          0x08004234   Data           0  lc_ctype_c.o(locale$$data)
    .data                                    0x20000000   Section       20  stm32f10x_rcc.o(.data)
    APBAHBPrescTable                         0x20000000   Data          16  stm32f10x_rcc.o(.data)
    ADCPrescTable                            0x20000010   Data           4  stm32f10x_rcc.o(.data)
    .data                                    0x20000014   Section       13  serial_1.o(.data)
    .data                                    0x20000024   Section       16  spi_1.o(.data)
    .data                                    0x20000034   Section        5  gps.o(.data)
    .data                                    0x2000003c   Section       20  abc.o(.data)
    x                                        0x20000048   Data           4  abc.o(.data)
    s                                        0x2000004c   Data           4  abc.o(.data)
    .bss                                     0x20000050   Section      100  serial_1.o(.bss)
    .bss                                     0x200000b4   Section      100  gps.o(.bss)
    .bss                                     0x20000118   Section       96  libspace.o(.bss)
    HEAP                                     0x20000178   Section      512  startup_stm32f10x_md.o(HEAP)
    Heap_Mem                                 0x20000178   Data         512  startup_stm32f10x_md.o(HEAP)
    STACK                                    0x20000378   Section     1024  startup_stm32f10x_md.o(STACK)
    Stack_Mem                                0x20000378   Data        1024  startup_stm32f10x_md.o(STACK)
    __initial_sp                             0x20000778   Data           0  startup_stm32f10x_md.o(STACK)

    Global Symbols

    Symbol Name                              Value     Ov Type        Size  Object(Section)

    BuildAttributes$$THM_ISAv4$P$D$K$B$S$PE$A:L22UL41UL21$X:L11$S22US41US21$IEEE1$IW$USESV6$~STKCKD$USESV7$~SHL$OTIME$ROPI$IEEEJ$EBA8$UX$STANDARDLIB$REQ8$PRES8$EABIv2 0x00000000   Number         0  anon$$obj.o ABSOLUTE
    __ARM_use_no_argv                        0x00000000   Number         0  main.o ABSOLUTE
    _printf_flags                            0x00000000   Number         0  printf_stubs.o ABSOLUTE
    _printf_return_value                     0x00000000   Number         0  printf_stubs.o ABSOLUTE
    _printf_sizespec                         0x00000000   Number         0  printf_stubs.o ABSOLUTE
    _printf_widthprec                        0x00000000   Number         0  printf_stubs.o ABSOLUTE
    __ARM_exceptions_init                     - Undefined Weak Reference
    __alloca_initialize                       - Undefined Weak Reference
    __arm_preinit_                            - Undefined Weak Reference
    __cpp_initialize__aeabi_                  - Undefined Weak Reference
    __cxa_finalize                            - Undefined Weak Reference
    __sigvec_lookup                           - Undefined Weak Reference
    _atexit_init                              - Undefined Weak Reference
    _call_atexit_fns                          - Undefined Weak Reference
    _clock_init                               - Undefined Weak Reference
    _fp_trap_init                             - Undefined Weak Reference
    _fp_trap_shutdown                         - Undefined Weak Reference
    _get_lc_collate                           - Undefined Weak Reference
    _get_lc_monetary                          - Undefined Weak Reference
    _get_lc_time                              - Undefined Weak Reference
    _getenv_init                              - Undefined Weak Reference
    _handle_redirection                       - Undefined Weak Reference
    _init_alloc                               - Undefined Weak Reference
    _init_user_alloc                          - Undefined Weak Reference
    _initio                                   - Undefined Weak Reference
    _printf_mbtowc                            - Undefined Weak Reference
    _printf_wc                                - Undefined Weak Reference
    _rand_init                                - Undefined Weak Reference
    _signal_finish                            - Undefined Weak Reference
    _signal_init                              - Undefined Weak Reference
    _terminate_alloc                          - Undefined Weak Reference
    _terminate_user_alloc                     - Undefined Weak Reference
    _terminateio                              - Undefined Weak Reference
    __Vectors_Size                           0x000000ec   Number         0  startup_stm32f10x_md.o ABSOLUTE
    __Vectors                                0x08000000   Data           4  startup_stm32f10x_md.o(RESET)
    __Vectors_End                            0x080000ec   Data           0  startup_stm32f10x_md.o(RESET)
    __main                                   0x080000ed   Thumb Code     8  __main.o(!!!main)
    __scatterload                            0x080000f5   Thumb Code     0  __scatter.o(!!!scatter)
    __scatterload_rt2                        0x080000f5   Thumb Code    44  __scatter.o(!!!scatter)
    __scatterload_rt2_thumb_only             0x080000f5   Thumb Code     0  __scatter.o(!!!scatter)
    __scatterload_null                       0x08000103   Thumb Code     0  __scatter.o(!!!scatter)
    __scatterload_copy                       0x08000129   Thumb Code    26  __scatter_copy.o(!!handler_copy)
    __scatterload_zeroinit                   0x08000145   Thumb Code    28  __scatter_zi.o(!!handler_zi)
    _printf_n                                0x08000161   Thumb Code     0  _printf_n.o(.ARM.Collect$$_printf_percent$$00000001)
    _printf_percent                          0x08000161   Thumb Code     0  _printf_percent.o(.ARM.Collect$$_printf_percent$$00000000)
    _printf_p                                0x08000167   Thumb Code     0  _printf_p.o(.ARM.Collect$$_printf_percent$$00000002)
    _printf_f                                0x0800016d   Thumb Code     0  _printf_f.o(.ARM.Collect$$_printf_percent$$00000003)
    _printf_e                                0x08000173   Thumb Code     0  _printf_e.o(.ARM.Collect$$_printf_percent$$00000004)
    _printf_g                                0x08000179   Thumb Code     0  _printf_g.o(.ARM.Collect$$_printf_percent$$00000005)
    _printf_a                                0x0800017f   Thumb Code     0  _printf_a.o(.ARM.Collect$$_printf_percent$$00000006)
    _printf_ll                               0x08000185   Thumb Code     0  _printf_ll.o(.ARM.Collect$$_printf_percent$$00000007)
    _printf_i                                0x0800018f   Thumb Code     0  _printf_i.o(.ARM.Collect$$_printf_percent$$00000008)
    _printf_d                                0x08000195   Thumb Code     0  _printf_d.o(.ARM.Collect$$_printf_percent$$00000009)
    _printf_u                                0x0800019b   Thumb Code     0  _printf_u.o(.ARM.Collect$$_printf_percent$$0000000A)
    _printf_o                                0x080001a1   Thumb Code     0  _printf_o.o(.ARM.Collect$$_printf_percent$$0000000B)
    _printf_x                                0x080001a7   Thumb Code     0  _printf_x.o(.ARM.Collect$$_printf_percent$$0000000C)
    _printf_lli                              0x080001ad   Thumb Code     0  _printf_lli.o(.ARM.Collect$$_printf_percent$$0000000D)
    _printf_lld                              0x080001b3   Thumb Code     0  _printf_lld.o(.ARM.Collect$$_printf_percent$$0000000E)
    _printf_llu                              0x080001b9   Thumb Code     0  _printf_llu.o(.ARM.Collect$$_printf_percent$$0000000F)
    _printf_llo                              0x080001bf   Thumb Code     0  _printf_llo.o(.ARM.Collect$$_printf_percent$$00000010)
    _printf_llx                              0x080001c5   Thumb Code     0  _printf_llx.o(.ARM.Collect$$_printf_percent$$00000011)
    _printf_l                                0x080001cb   Thumb Code     0  _printf_l.o(.ARM.Collect$$_printf_percent$$00000012)
    _printf_c                                0x080001d5   Thumb Code     0  _printf_c.o(.ARM.Collect$$_printf_percent$$00000013)
    _printf_s                                0x080001db   Thumb Code     0  _printf_s.o(.ARM.Collect$$_printf_percent$$00000014)
    _printf_lc                               0x080001e1   Thumb Code     0  _printf_lc.o(.ARM.Collect$$_printf_percent$$00000015)
    _printf_ls                               0x080001e7   Thumb Code     0  _printf_ls.o(.ARM.Collect$$_printf_percent$$00000016)
    _printf_percent_end                      0x080001ed   Thumb Code     0  _printf_percent_end.o(.ARM.Collect$$_printf_percent$$00000017)
    __rt_lib_init                            0x080001f1   Thumb Code     0  libinit.o(.ARM.Collect$$libinit$$00000000)
    __rt_lib_init_fp_1                       0x080001f3   Thumb Code     0  libinit2.o(.ARM.Collect$$libinit$$00000002)
    __rt_lib_init_heap_1                     0x080001f3   Thumb Code     0  libinit2.o(.ARM.Collect$$libinit$$0000000A)
    __rt_lib_init_lc_common                  0x080001f3   Thumb Code     0  libinit2.o(.ARM.Collect$$libinit$$0000000F)
    __rt_lib_init_preinit_1                  0x080001f3   Thumb Code     0  libinit2.o(.ARM.Collect$$libinit$$00000004)
    __rt_lib_init_rand_1                     0x080001f3   Thumb Code     0  libinit2.o(.ARM.Collect$$libinit$$0000000E)
    __rt_lib_init_user_alloc_1               0x080001f3   Thumb Code     0  libinit2.o(.ARM.Collect$$libinit$$0000000C)
    __rt_lib_init_lc_collate_1               0x080001f9   Thumb Code     0  libinit2.o(.ARM.Collect$$libinit$$00000011)
    __rt_lib_init_lc_ctype_2                 0x080001f9   Thumb Code     0  libinit2.o(.ARM.Collect$$libinit$$00000012)
    __rt_lib_init_lc_ctype_1                 0x08000205   Thumb Code     0  libinit2.o(.ARM.Collect$$libinit$$00000013)
    __rt_lib_init_lc_monetary_1              0x08000205   Thumb Code     0  libinit2.o(.ARM.Collect$$libinit$$00000015)
    __rt_lib_init_lc_numeric_2               0x08000205   Thumb Code     0  libinit2.o(.ARM.Collect$$libinit$$00000016)
    __rt_lib_init_alloca_1                   0x0800020f   Thumb Code     0  libinit2.o(.ARM.Collect$$libinit$$0000002E)
    __rt_lib_init_argv_1                     0x0800020f   Thumb Code     0  libinit2.o(.ARM.Collect$$libinit$$0000002C)
    __rt_lib_init_atexit_1                   0x0800020f   Thumb Code     0  libinit2.o(.ARM.Collect$$libinit$$0000001B)
    __rt_lib_init_clock_1                    0x0800020f   Thumb Code     0  libinit2.o(.ARM.Collect$$libinit$$00000021)
    __rt_lib_init_cpp_1                      0x0800020f   Thumb Code     0  libinit2.o(.ARM.Collect$$libinit$$00000032)
    __rt_lib_init_exceptions_1               0x0800020f   Thumb Code     0  libinit2.o(.ARM.Collect$$libinit$$00000030)
    __rt_lib_init_fp_trap_1                  0x0800020f   Thumb Code     0  libinit2.o(.ARM.Collect$$libinit$$0000001F)
    __rt_lib_init_getenv_1                   0x0800020f   Thumb Code     0  libinit2.o(.ARM.Collect$$libinit$$00000023)
    __rt_lib_init_lc_numeric_1               0x0800020f   Thumb Code     0  libinit2.o(.ARM.Collect$$libinit$$00000017)
    __rt_lib_init_lc_time_1                  0x0800020f   Thumb Code     0  libinit2.o(.ARM.Collect$$libinit$$00000019)
    __rt_lib_init_return                     0x0800020f   Thumb Code     0  libinit2.o(.ARM.Collect$$libinit$$00000033)
    __rt_lib_init_signal_1                   0x0800020f   Thumb Code     0  libinit2.o(.ARM.Collect$$libinit$$0000001D)
    __rt_lib_init_stdio_1                    0x0800020f   Thumb Code     0  libinit2.o(.ARM.Collect$$libinit$$00000025)
    __rt_lib_shutdown                        0x08000211   Thumb Code     0  libshutdown.o(.ARM.Collect$$libshutdown$$00000000)
    __rt_lib_shutdown_cpp_1                  0x08000213   Thumb Code     0  libshutdown2.o(.ARM.Collect$$libshutdown$$00000002)
    __rt_lib_shutdown_fp_trap_1              0x08000213   Thumb Code     0  libshutdown2.o(.ARM.Collect$$libshutdown$$00000007)
    __rt_lib_shutdown_heap_1                 0x08000213   Thumb Code     0  libshutdown2.o(.ARM.Collect$$libshutdown$$0000000F)
    __rt_lib_shutdown_return                 0x08000213   Thumb Code     0  libshutdown2.o(.ARM.Collect$$libshutdown$$00000010)
    __rt_lib_shutdown_signal_1               0x08000213   Thumb Code     0  libshutdown2.o(.ARM.Collect$$libshutdown$$0000000A)
    __rt_lib_shutdown_stdio_1                0x08000213   Thumb Code     0  libshutdown2.o(.ARM.Collect$$libshutdown$$00000004)
    __rt_lib_shutdown_user_alloc_1           0x08000213   Thumb Code     0  libshutdown2.o(.ARM.Collect$$libshutdown$$0000000C)
    __rt_entry                               0x08000215   Thumb Code     0  __rtentry.o(.ARM.Collect$$rtentry$$00000000)
    __rt_entry_presh_1                       0x08000215   Thumb Code     0  __rtentry2.o(.ARM.Collect$$rtentry$$00000002)
    __rt_entry_sh                            0x08000215   Thumb Code     0  __rtentry4.o(.ARM.Collect$$rtentry$$00000004)
    __rt_entry_li                            0x0800021b   Thumb Code     0  __rtentry2.o(.ARM.Collect$$rtentry$$0000000A)
    __rt_entry_postsh_1                      0x0800021b   Thumb Code     0  __rtentry2.o(.ARM.Collect$$rtentry$$00000009)
    __rt_entry_main                          0x0800021f   Thumb Code     0  __rtentry2.o(.ARM.Collect$$rtentry$$0000000D)
    __rt_entry_postli_1                      0x0800021f   Thumb Code     0  __rtentry2.o(.ARM.Collect$$rtentry$$0000000C)
    __rt_exit                                0x08000227   Thumb Code     0  rtexit.o(.ARM.Collect$$rtexit$$00000000)
    __rt_exit_ls                             0x08000229   Thumb Code     0  rtexit2.o(.ARM.Collect$$rtexit$$00000003)
    __rt_exit_prels_1                        0x08000229   Thumb Code     0  rtexit2.o(.ARM.Collect$$rtexit$$00000002)
    __rt_exit_exit                           0x0800022d   Thumb Code     0  rtexit2.o(.ARM.Collect$$rtexit$$00000004)
    Reset_Handler                            0x08000235   Thumb Code     8  startup_stm32f10x_md.o(.text)
    ADC1_2_IRQHandler                        0x0800024f   Thumb Code     0  startup_stm32f10x_md.o(.text)
    CAN1_RX1_IRQHandler                      0x0800024f   Thumb Code     0  startup_stm32f10x_md.o(.text)
    CAN1_SCE_IRQHandler                      0x0800024f   Thumb Code     0  startup_stm32f10x_md.o(.text)
    DMA1_Channel1_IRQHandler                 0x0800024f   Thumb Code     0  startup_stm32f10x_md.o(.text)
    DMA1_Channel2_IRQHandler                 0x0800024f   Thumb Code     0  startup_stm32f10x_md.o(.text)
    DMA1_Channel3_IRQHandler                 0x0800024f   Thumb Code     0  startup_stm32f10x_md.o(.text)
    DMA1_Channel4_IRQHandler                 0x0800024f   Thumb Code     0  startup_stm32f10x_md.o(.text)
    DMA1_Channel5_IRQHandler                 0x0800024f   Thumb Code     0  startup_stm32f10x_md.o(.text)
    DMA1_Channel6_IRQHandler                 0x0800024f   Thumb Code     0  startup_stm32f10x_md.o(.text)
    DMA1_Channel7_IRQHandler                 0x0800024f   Thumb Code     0  startup_stm32f10x_md.o(.text)
    EXTI0_IRQHandler                         0x0800024f   Thumb Code     0  startup_stm32f10x_md.o(.text)
    EXTI15_10_IRQHandler                     0x0800024f   Thumb Code     0  startup_stm32f10x_md.o(.text)
    EXTI1_IRQHandler                         0x0800024f   Thumb Code     0  startup_stm32f10x_md.o(.text)
    EXTI2_IRQHandler                         0x0800024f   Thumb Code     0  startup_stm32f10x_md.o(.text)
    EXTI3_IRQHandler                         0x0800024f   Thumb Code     0  startup_stm32f10x_md.o(.text)
    EXTI4_IRQHandler                         0x0800024f   Thumb Code     0  startup_stm32f10x_md.o(.text)
    EXTI9_5_IRQHandler                       0x0800024f   Thumb Code     0  startup_stm32f10x_md.o(.text)
    FLASH_IRQHandler                         0x0800024f   Thumb Code     0  startup_stm32f10x_md.o(.text)
    I2C1_ER_IRQHandler                       0x0800024f   Thumb Code     0  startup_stm32f10x_md.o(.text)
    I2C1_EV_IRQHandler                       0x0800024f   Thumb Code     0  startup_stm32f10x_md.o(.text)
    I2C2_ER_IRQHandler                       0x0800024f   Thumb Code     0  startup_stm32f10x_md.o(.text)
    I2C2_EV_IRQHandler                       0x0800024f   Thumb Code     0  startup_stm32f10x_md.o(.text)
    PVD_IRQHandler                           0x0800024f   Thumb Code     0  startup_stm32f10x_md.o(.text)
    RCC_IRQHandler                           0x0800024f   Thumb Code     0  startup_stm32f10x_md.o(.text)
    RTCAlarm_IRQHandler                      0x0800024f   Thumb Code     0  startup_stm32f10x_md.o(.text)
    RTC_IRQHandler                           0x0800024f   Thumb Code     0  startup_stm32f10x_md.o(.text)
    SPI1_IRQHandler                          0x0800024f   Thumb Code     0  startup_stm32f10x_md.o(.text)
    SPI2_IRQHandler                          0x0800024f   Thumb Code     0  startup_stm32f10x_md.o(.text)
    TAMPER_IRQHandler                        0x0800024f   Thumb Code     0  startup_stm32f10x_md.o(.text)
    TIM1_BRK_IRQHandler                      0x0800024f   Thumb Code     0  startup_stm32f10x_md.o(.text)
    TIM1_CC_IRQHandler                       0x0800024f   Thumb Code     0  startup_stm32f10x_md.o(.text)
    TIM1_TRG_COM_IRQHandler                  0x0800024f   Thumb Code     0  startup_stm32f10x_md.o(.text)
    TIM1_UP_IRQHandler                       0x0800024f   Thumb Code     0  startup_stm32f10x_md.o(.text)
    TIM2_IRQHandler                          0x0800024f   Thumb Code     0  startup_stm32f10x_md.o(.text)
    TIM3_IRQHandler                          0x0800024f   Thumb Code     0  startup_stm32f10x_md.o(.text)
    TIM4_IRQHandler                          0x0800024f   Thumb Code     0  startup_stm32f10x_md.o(.text)
    USART3_IRQHandler                        0x0800024f   Thumb Code     0  startup_stm32f10x_md.o(.text)
    USBWakeUp_IRQHandler                     0x0800024f   Thumb Code     0  startup_stm32f10x_md.o(.text)
    USB_HP_CAN1_TX_IRQHandler                0x0800024f   Thumb Code     0  startup_stm32f10x_md.o(.text)
    USB_LP_CAN1_RX0_IRQHandler               0x0800024f   Thumb Code     0  startup_stm32f10x_md.o(.text)
    WWDG_IRQHandler                          0x0800024f   Thumb Code     0  startup_stm32f10x_md.o(.text)
    __user_initial_stackheap                 0x08000251   Thumb Code     0  startup_stm32f10x_md.o(.text)
    vsprintf                                 0x08000275   Thumb Code    32  vsprintf.o(.text)
    strcmp                                   0x08000299   Thumb Code   128  strcmpv7m.o(.text)
    __use_two_region_memory                  0x08000319   Thumb Code     2  heapauxi.o(.text)
    __rt_heap_escrow$2region                 0x0800031b   Thumb Code     2  heapauxi.o(.text)
    __rt_heap_expand$2region                 0x0800031d   Thumb Code     2  heapauxi.o(.text)
    _printf_pre_padding                      0x0800031f   Thumb Code    44  _printf_pad.o(.text)
    _printf_post_padding                     0x0800034b   Thumb Code    34  _printf_pad.o(.text)
    _printf_truncate_signed                  0x0800036d   Thumb Code    18  _printf_truncate.o(.text)
    _printf_truncate_unsigned                0x0800037f   Thumb Code    18  _printf_truncate.o(.text)
    _printf_str                              0x08000391   Thumb Code    82  _printf_str.o(.text)
    _printf_int_dec                          0x080003e5   Thumb Code   104  _printf_dec.o(.text)
    _printf_charcount                        0x0800045d   Thumb Code    40  _printf_charcount.o(.text)
    _printf_char_common                      0x0800048f   Thumb Code    32  _printf_char_common.o(.text)
    _sputc                                   0x080004b5   Thumb Code    10  _sputc.o(.text)
    _printf_wctomb                           0x080004c1   Thumb Code   182  _printf_wctomb.o(.text)
    _printf_longlong_dec                     0x0800057d   Thumb Code   108  _printf_longlong_dec.o(.text)
    _printf_longlong_oct                     0x080005f9   Thumb Code    66  _printf_oct_int_ll.o(.text)
    _printf_int_oct                          0x0800063b   Thumb Code    24  _printf_oct_int_ll.o(.text)
    _printf_ll_oct                           0x08000653   Thumb Code    12  _printf_oct_int_ll.o(.text)
    _printf_longlong_hex                     0x08000669   Thumb Code    86  _printf_hex_int_ll_ptr.o(.text)
    _printf_int_hex                          0x080006bf   Thumb Code    28  _printf_hex_int_ll_ptr.o(.text)
    _printf_ll_hex                           0x080006db   Thumb Code    12  _printf_hex_int_ll_ptr.o(.text)
    _printf_hex_ptr                          0x080006e7   Thumb Code    18  _printf_hex_int_ll_ptr.o(.text)
    __printf                                 0x080006fd   Thumb Code   388  __printf_flags_ss_wp.o(.text)
    _ll_udiv10                               0x08000885   Thumb Code   138  lludiv10.o(.text)
    _printf_int_common                       0x0800090f   Thumb Code   178  _printf_intcommon.o(.text)
    __lib_sel_fp_printf                      0x080009c1   Thumb Code     2  _printf_fp_dec.o(.text)
    _printf_fp_dec_real                      0x08000b73   Thumb Code   620  _printf_fp_dec.o(.text)
    _printf_fp_hex_real                      0x08000de1   Thumb Code   756  _printf_fp_hex.o(.text)
    _printf_cs_common                        0x080010dd   Thumb Code    20  _printf_char.o(.text)
    _printf_char                             0x080010f1   Thumb Code    16  _printf_char.o(.text)
    _printf_string                           0x08001101   Thumb Code     8  _printf_char.o(.text)
    _printf_lcs_common                       0x08001109   Thumb Code    20  _printf_wchar.o(.text)
    _printf_wchar                            0x0800111d   Thumb Code    16  _printf_wchar.o(.text)
    _printf_wstring                          0x0800112d   Thumb Code     8  _printf_wchar.o(.text)
    _wcrtomb                                 0x08001135   Thumb Code    64  _wcrtomb.o(.text)
    __user_setup_stackheap                   0x08001175   Thumb Code    74  sys_stackheap_outer.o(.text)
    __rt_ctype_table                         0x080011c1   Thumb Code    16  rt_ctype_table.o(.text)
    __rt_locale                              0x080011d1   Thumb Code     8  rt_locale_intlibspace.o(.text)
    _printf_fp_infnan                        0x080011d9   Thumb Code   112  _printf_fp_infnan.o(.text)
    _btod_etento                             0x08001259   Thumb Code   224  bigflt0.o(.text)
    exit                                     0x0800133d   Thumb Code    18  exit.o(.text)
    __user_libspace                          0x08001351   Thumb Code     8  libspace.o(.text)
    __user_perproc_libspace                  0x08001351   Thumb Code     0  libspace.o(.text)
    __user_perthread_libspace                0x08001351   Thumb Code     0  libspace.o(.text)
    _sys_exit                                0x08001359   Thumb Code     8  sys_exit.o(.text)
    __I$use$semihosting                      0x08001365   Thumb Code     0  use_no_semi.o(.text)
    __use_no_semihosting_swi                 0x08001365   Thumb Code     2  use_no_semi.o(.text)
    __semihosting_library_function           0x08001367   Thumb Code     0  indicate_semi.o(.text)
    _btod_d2e                                0x08001367   Thumb Code    62  btod.o(CL$$btod_d2e)
    _d2e_denorm_low                          0x080013a5   Thumb Code    70  btod.o(CL$$btod_d2e_denorm_low)
    _d2e_norm_op1                            0x080013eb   Thumb Code    96  btod.o(CL$$btod_d2e_norm_op1)
    __btod_div_common                        0x0800144b   Thumb Code   696  btod.o(CL$$btod_div_common)
    _e2e                                     0x08001783   Thumb Code   220  btod.o(CL$$btod_e2e)
    _btod_ediv                               0x0800185f   Thumb Code    42  btod.o(CL$$btod_ediv)
    _btod_emul                               0x08001889   Thumb Code    42  btod.o(CL$$btod_emul)
    __btod_mult_common                       0x080018b3   Thumb Code   580  btod.o(CL$$btod_mult_common)
    BusFault_Handler                         0x08001af7   Thumb Code     4  stm32f10x_it.o(i.BusFault_Handler)
    DHT11_GPIO_Config                        0x08001afd   Thumb Code    46  dht11.o(i.DHT11_GPIO_Config)
    DebugMon_Handler                         0x08001b71   Thumb Code     2  stm32f10x_it.o(i.DebugMon_Handler)
    Delay_ms                                 0x08001b73   Thumb Code    24  delay.o(i.Delay_ms)
    Delay_s                                  0x08001b8b   Thumb Code    24  delay.o(i.Delay_s)
    Delay_us                                 0x08001ba3   Thumb Code    46  delay.o(i.Delay_us)
    GPIO_Init                                0x08001bd1   Thumb Code   278  stm32f10x_gpio.o(i.GPIO_Init)
    GPIO_ReadInputDataBit                    0x08001ce7   Thumb Code    18  stm32f10x_gpio.o(i.GPIO_ReadInputDataBit)
    GPIO_ResetBits                           0x08001cf9   Thumb Code     4  stm32f10x_gpio.o(i.GPIO_ResetBits)
    GPIO_SetBits                             0x08001cfd   Thumb Code     4  stm32f10x_gpio.o(i.GPIO_SetBits)
    GPIO_WriteBit                            0x08001d01   Thumb Code    10  stm32f10x_gpio.o(i.GPIO_WriteBit)
    GPS_Init                                 0x08001d0d   Thumb Code   174  gps.o(i.GPS_Init)
    HardFault_Handler                        0x08001dc5   Thumb Code     4  stm32f10x_it.o(i.HardFault_Handler)
    MFRC522_AntennaOn                        0x08001dc9   Thumb Code    26  rc522_1.o(i.MFRC522_AntennaOn)
    MFRC522_Anticoll                         0x08001de3   Thumb Code    74  rc522_1.o(i.MFRC522_Anticoll)
    MFRC522_ClearBitMask                     0x08001e2d   Thumb Code    26  rc522_1.o(i.MFRC522_ClearBitMask)
    MFRC522_Init                             0x08001e47   Thumb Code    68  rc522_1.o(i.MFRC522_Init)
    MFRC522_ReadRegister                     0x08001e8b   Thumb Code    26  rc522_1.o(i.MFRC522_ReadRegister)
    MFRC522_Request                          0x08001ea5   Thumb Code    50  rc522_1.o(i.MFRC522_Request)
    MFRC522_Reset                            0x08001ed7   Thumb Code    12  rc522_1.o(i.MFRC522_Reset)
    MFRC522_SetBitMask                       0x08001ee3   Thumb Code    26  rc522_1.o(i.MFRC522_SetBitMask)
    MFRC522_ToCard                           0x08001efd   Thumb Code   298  rc522_1.o(i.MFRC522_ToCard)
    MFRC522_WriteRegister                    0x08002027   Thumb Code    22  rc522_1.o(i.MFRC522_WriteRegister)
    MemManage_Handler                        0x0800203d   Thumb Code     4  stm32f10x_it.o(i.MemManage_Handler)
    My_Servo_SetAngle                        0x08002041   Thumb Code    50  abc.o(i.My_Servo_SetAngle)
    NMI_Handler                              0x08002081   Thumb Code     2  stm32f10x_it.o(i.NMI_Handler)
    NVIC_Init                                0x08002085   Thumb Code   100  misc.o(i.NVIC_Init)
    NVIC_PriorityGroupConfig                 0x080020f5   Thumb Code    10  misc.o(i.NVIC_PriorityGroupConfig)
    OLED_Clear                               0x08002109   Thumb Code    42  oled_1.o(i.OLED_Clear)
    OLED_I2C_Init                            0x08002135   Thumb Code    76  oled_1.o(i.OLED_I2C_Init)
    OLED_I2C_SendByte                        0x08002185   Thumb Code    80  oled_1.o(i.OLED_I2C_SendByte)
    OLED_I2C_Start                           0x080021d9   Thumb Code    48  oled_1.o(i.OLED_I2C_Start)
    OLED_I2C_Stop                            0x0800220d   Thumb Code    36  oled_1.o(i.OLED_I2C_Stop)
    OLED_Init                                0x08002235   Thumb Code   174  oled_1.o(i.OLED_Init)
    OLED_Pow                                 0x080022e3   Thumb Code    20  oled_1.o(i.OLED_Pow)
    OLED_SetCursor                           0x080022f7   Thumb Code    34  oled_1.o(i.OLED_SetCursor)
    OLED_ShowChar                            0x08002319   Thumb Code   110  oled_1.o(i.OLED_ShowChar)
    OLED_ShowNum                             0x0800238d   Thumb Code    68  oled_1.o(i.OLED_ShowNum)
    OLED_ShowString                          0x080023d1   Thumb Code    40  oled_1.o(i.OLED_ShowString)
    OLED_WriteCommand                        0x080023f9   Thumb Code    32  oled_1.o(i.OLED_WriteCommand)
    OLED_WriteData                           0x08002419   Thumb Code    32  oled_1.o(i.OLED_WriteData)
    PWM_Init                                 0x08002439   Thumb Code   146  pwm.o(i.PWM_Init)
    PWM_SetCompare2                          0x080024d1   Thumb Code    16  pwm.o(i.PWM_SetCompare2)
    PendSV_Handler                           0x080024e1   Thumb Code     2  stm32f10x_it.o(i.PendSV_Handler)
    RC522_cardScan                           0x080024e3   Thumb Code    30  rc522_1.o(i.RC522_cardScan)
    RCC_APB1PeriphClockCmd                   0x08002501   Thumb Code    26  stm32f10x_rcc.o(i.RCC_APB1PeriphClockCmd)
    RCC_APB1PeriphResetCmd                   0x08002521   Thumb Code    26  stm32f10x_rcc.o(i.RCC_APB1PeriphResetCmd)
    RCC_APB2PeriphClockCmd                   0x08002541   Thumb Code    26  stm32f10x_rcc.o(i.RCC_APB2PeriphClockCmd)
    RCC_APB2PeriphResetCmd                   0x08002561   Thumb Code    26  stm32f10x_rcc.o(i.RCC_APB2PeriphResetCmd)
    RCC_GetClocksFreq                        0x08002581   Thumb Code   192  stm32f10x_rcc.o(i.RCC_GetClocksFreq)
    Read_DHT11                               0x080026b5   Thumb Code   154  dht11.o(i.Read_DHT11)
    SPI1_ReadReg                             0x08002821   Thumb Code    58  rc522_1.o(i.SPI1_ReadReg)
    SPI1_WriteReg                            0x08002865   Thumb Code    56  rc522_1.o(i.SPI1_WriteReg)
    SPI_Cmd                                  0x080029b1   Thumb Code    24  stm32f10x_spi.o(i.SPI_Cmd)
    SPI_I2S_DeInit                           0x080029c9   Thumb Code    76  stm32f10x_spi.o(i.SPI_I2S_DeInit)
    SPI_I2S_GetFlagStatus                    0x08002a21   Thumb Code    18  stm32f10x_spi.o(i.SPI_I2S_GetFlagStatus)
    SPI_I2S_ReceiveData                      0x08002a33   Thumb Code     6  stm32f10x_spi.o(i.SPI_I2S_ReceiveData)
    SPI_I2S_SendData                         0x08002a39   Thumb Code     4  stm32f10x_spi.o(i.SPI_I2S_SendData)
    SPI_Init                                 0x08002a3d   Thumb Code    60  stm32f10x_spi.o(i.SPI_Init)
    SVC_Handler                              0x08002acb   Thumb Code     2  stm32f10x_it.o(i.SVC_Handler)
    Serial_Init                              0x08002acd   Thumb Code   178  serial_1.o(i.Serial_Init)
    Serial_Printf                            0x08002b89   Thumb Code    36  serial_1.o(i.Serial_Printf)
    Serial_SendString                        0x08002bad   Thumb Code    42  serial_1.o(i.Serial_SendString)
    Servo_Init                               0x08002bdd   Thumb Code     8  servo.o(i.Servo_Init)
    Servo_SetAngle                           0x08002be5   Thumb Code    48  servo.o(i.Servo_SetAngle)
    SysTick_Handler                          0x08002d09   Thumb Code     2  stm32f10x_it.o(i.SysTick_Handler)
    SystemInit                               0x08002d0d   Thumb Code    78  system_stm32f10x.o(i.SystemInit)
    TIM_Cmd                                  0x08002d6d   Thumb Code    24  stm32f10x_tim.o(i.TIM_Cmd)
    TIM_InternalClockConfig                  0x08002d85   Thumb Code    12  stm32f10x_tim.o(i.TIM_InternalClockConfig)
    TIM_OC2Init                              0x08002d91   Thumb Code   154  stm32f10x_tim.o(i.TIM_OC2Init)
    TIM_OCStructInit                         0x08002e35   Thumb Code    20  stm32f10x_tim.o(i.TIM_OCStructInit)
    TIM_SetCompare2                          0x08002e49   Thumb Code     4  stm32f10x_tim.o(i.TIM_SetCompare2)
    TIM_TimeBaseInit                         0x08002e4d   Thumb Code   122  stm32f10x_tim.o(i.TIM_TimeBaseInit)
    USART1_IRQHandler                        0x08002ef1   Thumb Code   108  serial_1.o(i.USART1_IRQHandler)
    USART2_IRQHandler                        0x08002f6d   Thumb Code   108  gps.o(i.USART2_IRQHandler)
    USART_Cmd                                0x08002fe9   Thumb Code    24  stm32f10x_usart.o(i.USART_Cmd)
    USART_GetFlagStatus                      0x08003001   Thumb Code    26  stm32f10x_usart.o(i.USART_GetFlagStatus)
    USART_GetITStatus                        0x0800301b   Thumb Code    84  stm32f10x_usart.o(i.USART_GetITStatus)
    USART_ITConfig                           0x0800306f   Thumb Code    74  stm32f10x_usart.o(i.USART_ITConfig)
    USART_Init                               0x080030b9   Thumb Code   210  stm32f10x_usart.o(i.USART_Init)
    USART_ReceiveData                        0x08003191   Thumb Code    10  stm32f10x_usart.o(i.USART_ReceiveData)
    USART_SendData                           0x0800319b   Thumb Code     8  stm32f10x_usart.o(i.USART_SendData)
    UsageFault_Handler                       0x080031a3   Thumb Code     4  stm32f10x_it.o(i.UsageFault_Handler)
    Wifi_TCP_Init                            0x080031a9   Thumb Code    92  8266wifi.o(i.Wifi_TCP_Init)
    __ARM_fpclassify                         0x08003291   Thumb Code    40  fpclassify.o(i.__ARM_fpclassify)
    _is_digit                                0x080032b9   Thumb Code    14  __printf_wp.o(i._is_digit)
    beep_set                                 0x080032c9   Thumb Code    74  abc.o(i.beep_set)
    main                                     0x0800331d   Thumb Code   116  main.o(i.main)
    send_gps                                 0x080033a1   Thumb Code    78  abc.o(i.send_gps)
    send_idcard                              0x08003409   Thumb Code    40  abc.o(i.send_idcard)
    send_wunshidu                            0x08003445   Thumb Code    52  abc.o(i.send_wunshidu)
    _get_lc_numeric                          0x08003491   Thumb Code    44  lc_numeric_c.o(locale$$code)
    _get_lc_ctype                            0x080034bd   Thumb Code    44  lc_ctype_c.o(locale$$code)
    __aeabi_fadd                             0x080034e9   Thumb Code     0  faddsub_clz.o(x$fpl$fadd)
    _fadd                                    0x080034e9   Thumb Code   196  faddsub_clz.o(x$fpl$fadd)
    __aeabi_fdiv                             0x080035ad   Thumb Code     0  fdiv.o(x$fpl$fdiv)
    _fdiv                                    0x080035ad   Thumb Code   384  fdiv.o(x$fpl$fdiv)
    __aeabi_f2uiz                            0x08003731   Thumb Code     0  ffixu.o(x$fpl$ffixu)
    _ffixu                                   0x08003731   Thumb Code    62  ffixu.o(x$fpl$ffixu)
    __aeabi_fmul                             0x08003771   Thumb Code     0  fmul.o(x$fpl$fmul)
    _fmul                                    0x08003771   Thumb Code   258  fmul.o(x$fpl$fmul)
    __fpl_fnaninf                            0x08003873   Thumb Code   140  fnaninf.o(x$fpl$fnaninf)
    __fpl_fretinf                            0x080038ff   Thumb Code    10  fretinf.o(x$fpl$fretinf)
    __aeabi_fsub                             0x08003909   Thumb Code     0  faddsub_clz.o(x$fpl$fsub)
    _fsub                                    0x08003909   Thumb Code   234  faddsub_clz.o(x$fpl$fsub)
    _printf_fp_dec                           0x080039f3   Thumb Code     4  printf1.o(x$fpl$printf1)
    _printf_fp_hex                           0x080039f7   Thumb Code     4  printf2.o(x$fpl$printf2)
    OLED_F8x16                               0x080039fa   Data        1520  oled_1.o(.constdata)
    __I$use$fp                               0x080039fa   Number         0  usenofp.o(x$fpl$usenofp)
    Region$$Table$$Base                      0x080040e8   Number         0  anon$$obj.o(Region$$Table)
    Region$$Table$$Limit                     0x08004108   Number         0  anon$$obj.o(Region$$Table)
    __ctype                                  0x08004131   Data           0  lc_ctype_c.o(locale$$data)
    a                                        0x20000014   Data           2  serial_1.o(.data)
    BOOL                                     0x20000018   Data           4  serial_1.o(.data)
    Serial_Flag                              0x2000001c   Data           4  serial_1.o(.data)
    i                                        0x20000020   Data           1  serial_1.o(.data)
    SPIClass                                 0x20000024   Data          16  spi_1.o(.data)
    GPS_Flag                                 0x20000034   Data           4  gps.o(.data)
    j                                        0x20000038   Data           1  gps.o(.data)
    count                                    0x2000003c   Data           4  abc.o(.data)
    DHT11_Data                               0x20000040   Data           5  abc.o(.data)
    RECS                                     0x20000050   Data         100  serial_1.o(.bss)
    RECS_GPS                                 0x200000b4   Data         100  gps.o(.bss)
    __libspace_start                         0x20000118   Data          96  libspace.o(.bss)
    __temporary_stack_top$libspace           0x20000178   Data           0  libspace.o(.bss)



==============================================================================

Memory Map of the image

  Image Entry point : 0x08000235

  Load Region LR_1 (Base: 0x08000000, Size: 0x00004284, Max: 0xffffffff, ABSOLUTE)

    Execution Region ER_RO (Exec base: 0x08000000, Load base: 0x08000000, Size: 0x00004234, Max: 0xffffffff, ABSOLUTE)

    Exec Addr    Load Addr    Size         Type   Attr      Idx    E Section Name        Object

    0x08000000   0x08000000   0x000000ec   Data   RO           19    RESET               startup_stm32f10x_md.o
    0x080000ec   0x080000ec   0x00000008   Code   RO         3949  * !!!main             c_w.l(__main.o)
    0x080000f4   0x080000f4   0x00000034   Code   RO         4332    !!!scatter          c_w.l(__scatter.o)
    0x08000128   0x08000128   0x0000001a   Code   RO         4334    !!handler_copy      c_w.l(__scatter_copy.o)
    0x08000142   0x08000142   0x00000002   PAD
    0x08000144   0x08000144   0x0000001c   Code   RO         4336    !!handler_zi        c_w.l(__scatter_zi.o)
    0x08000160   0x08000160   0x00000000   Code   RO         4087    .ARM.Collect$$_printf_percent$$00000000  c_w.l(_printf_percent.o)
    0x08000160   0x08000160   0x00000006   Code   RO         4076    .ARM.Collect$$_printf_percent$$00000001  c_w.l(_printf_n.o)
    0x08000166   0x08000166   0x00000006   Code   RO         4078    .ARM.Collect$$_printf_percent$$00000002  c_w.l(_printf_p.o)
    0x0800016c   0x0800016c   0x00000006   Code   RO         4083    .ARM.Collect$$_printf_percent$$00000003  c_w.l(_printf_f.o)
    0x08000172   0x08000172   0x00000006   Code   RO         4084    .ARM.Collect$$_printf_percent$$00000004  c_w.l(_printf_e.o)
    0x08000178   0x08000178   0x00000006   Code   RO         4085    .ARM.Collect$$_printf_percent$$00000005  c_w.l(_printf_g.o)
    0x0800017e   0x0800017e   0x00000006   Code   RO         4086    .ARM.Collect$$_printf_percent$$00000006  c_w.l(_printf_a.o)
    0x08000184   0x08000184   0x0000000a   Code   RO         4091    .ARM.Collect$$_printf_percent$$00000007  c_w.l(_printf_ll.o)
    0x0800018e   0x0800018e   0x00000006   Code   RO         4080    .ARM.Collect$$_printf_percent$$00000008  c_w.l(_printf_i.o)
    0x08000194   0x08000194   0x00000006   Code   RO         4081    .ARM.Collect$$_printf_percent$$00000009  c_w.l(_printf_d.o)
    0x0800019a   0x0800019a   0x00000006   Code   RO         4082    .ARM.Collect$$_printf_percent$$0000000A  c_w.l(_printf_u.o)
    0x080001a0   0x080001a0   0x00000006   Code   RO         4079    .ARM.Collect$$_printf_percent$$0000000B  c_w.l(_printf_o.o)
    0x080001a6   0x080001a6   0x00000006   Code   RO         4077    .ARM.Collect$$_printf_percent$$0000000C  c_w.l(_printf_x.o)
    0x080001ac   0x080001ac   0x00000006   Code   RO         4088    .ARM.Collect$$_printf_percent$$0000000D  c_w.l(_printf_lli.o)
    0x080001b2   0x080001b2   0x00000006   Code   RO         4089    .ARM.Collect$$_printf_percent$$0000000E  c_w.l(_printf_lld.o)
    0x080001b8   0x080001b8   0x00000006   Code   RO         4090    .ARM.Collect$$_printf_percent$$0000000F  c_w.l(_printf_llu.o)
    0x080001be   0x080001be   0x00000006   Code   RO         4095    .ARM.Collect$$_printf_percent$$00000010  c_w.l(_printf_llo.o)
    0x080001c4   0x080001c4   0x00000006   Code   RO         4096    .ARM.Collect$$_printf_percent$$00000011  c_w.l(_printf_llx.o)
    0x080001ca   0x080001ca   0x0000000a   Code   RO         4092    .ARM.Collect$$_printf_percent$$00000012  c_w.l(_printf_l.o)
    0x080001d4   0x080001d4   0x00000006   Code   RO         4074    .ARM.Collect$$_printf_percent$$00000013  c_w.l(_printf_c.o)
    0x080001da   0x080001da   0x00000006   Code   RO         4075    .ARM.Collect$$_printf_percent$$00000014  c_w.l(_printf_s.o)
    0x080001e0   0x080001e0   0x00000006   Code   RO         4093    .ARM.Collect$$_printf_percent$$00000015  c_w.l(_printf_lc.o)
    0x080001e6   0x080001e6   0x00000006   Code   RO         4094    .ARM.Collect$$_printf_percent$$00000016  c_w.l(_printf_ls.o)
    0x080001ec   0x080001ec   0x00000004   Code   RO         4146    .ARM.Collect$$_printf_percent$$00000017  c_w.l(_printf_percent_end.o)
    0x080001f0   0x080001f0   0x00000002   Code   RO         4195    .ARM.Collect$$libinit$$00000000  c_w.l(libinit.o)
    0x080001f2   0x080001f2   0x00000000   Code   RO         4209    .ARM.Collect$$libinit$$00000002  c_w.l(libinit2.o)
    0x080001f2   0x080001f2   0x00000000   Code   RO         4211    .ARM.Collect$$libinit$$00000004  c_w.l(libinit2.o)
    0x080001f2   0x080001f2   0x00000000   Code   RO         4214    .ARM.Collect$$libinit$$0000000A  c_w.l(libinit2.o)
    0x080001f2   0x080001f2   0x00000000   Code   RO         4216    .ARM.Collect$$libinit$$0000000C  c_w.l(libinit2.o)
    0x080001f2   0x080001f2   0x00000000   Code   RO         4218    .ARM.Collect$$libinit$$0000000E  c_w.l(libinit2.o)
    0x080001f2   0x080001f2   0x00000006   Code   RO         4219    .ARM.Collect$$libinit$$0000000F  c_w.l(libinit2.o)
    0x080001f8   0x080001f8   0x00000000   Code   RO         4221    .ARM.Collect$$libinit$$00000011  c_w.l(libinit2.o)
    0x080001f8   0x080001f8   0x0000000c   Code   RO         4222    .ARM.Collect$$libinit$$00000012  c_w.l(libinit2.o)
    0x08000204   0x08000204   0x00000000   Code   RO         4223    .ARM.Collect$$libinit$$00000013  c_w.l(libinit2.o)
    0x08000204   0x08000204   0x00000000   Code   RO         4225    .ARM.Collect$$libinit$$00000015  c_w.l(libinit2.o)
    0x08000204   0x08000204   0x0000000a   Code   RO         4226    .ARM.Collect$$libinit$$00000016  c_w.l(libinit2.o)
    0x0800020e   0x0800020e   0x00000000   Code   RO         4227    .ARM.Collect$$libinit$$00000017  c_w.l(libinit2.o)
    0x0800020e   0x0800020e   0x00000000   Code   RO         4229    .ARM.Collect$$libinit$$00000019  c_w.l(libinit2.o)
    0x0800020e   0x0800020e   0x00000000   Code   RO         4231    .ARM.Collect$$libinit$$0000001B  c_w.l(libinit2.o)
    0x0800020e   0x0800020e   0x00000000   Code   RO         4233    .ARM.Collect$$libinit$$0000001D  c_w.l(libinit2.o)
    0x0800020e   0x0800020e   0x00000000   Code   RO         4235    .ARM.Collect$$libinit$$0000001F  c_w.l(libinit2.o)
    0x0800020e   0x0800020e   0x00000000   Code   RO         4237    .ARM.Collect$$libinit$$00000021  c_w.l(libinit2.o)
    0x0800020e   0x0800020e   0x00000000   Code   RO         4239    .ARM.Collect$$libinit$$00000023  c_w.l(libinit2.o)
    0x0800020e   0x0800020e   0x00000000   Code   RO         4241    .ARM.Collect$$libinit$$00000025  c_w.l(libinit2.o)
    0x0800020e   0x0800020e   0x00000000   Code   RO         4245    .ARM.Collect$$libinit$$0000002C  c_w.l(libinit2.o)
    0x0800020e   0x0800020e   0x00000000   Code   RO         4247    .ARM.Collect$$libinit$$0000002E  c_w.l(libinit2.o)
    0x0800020e   0x0800020e   0x00000000   Code   RO         4249    .ARM.Collect$$libinit$$00000030  c_w.l(libinit2.o)
    0x0800020e   0x0800020e   0x00000000   Code   RO         4251    .ARM.Collect$$libinit$$00000032  c_w.l(libinit2.o)
    0x0800020e   0x0800020e   0x00000002   Code   RO         4252    .ARM.Collect$$libinit$$00000033  c_w.l(libinit2.o)
    0x08000210   0x08000210   0x00000002   Code   RO         4272    .ARM.Collect$$libshutdown$$00000000  c_w.l(libshutdown.o)
    0x08000212   0x08000212   0x00000000   Code   RO         4285    .ARM.Collect$$libshutdown$$00000002  c_w.l(libshutdown2.o)
    0x08000212   0x08000212   0x00000000   Code   RO         4287    .ARM.Collect$$libshutdown$$00000004  c_w.l(libshutdown2.o)
    0x08000212   0x08000212   0x00000000   Code   RO         4290    .ARM.Collect$$libshutdown$$00000007  c_w.l(libshutdown2.o)
    0x08000212   0x08000212   0x00000000   Code   RO         4293    .ARM.Collect$$libshutdown$$0000000A  c_w.l(libshutdown2.o)
    0x08000212   0x08000212   0x00000000   Code   RO         4295    .ARM.Collect$$libshutdown$$0000000C  c_w.l(libshutdown2.o)
    0x08000212   0x08000212   0x00000000   Code   RO         4298    .ARM.Collect$$libshutdown$$0000000F  c_w.l(libshutdown2.o)
    0x08000212   0x08000212   0x00000002   Code   RO         4299    .ARM.Collect$$libshutdown$$00000010  c_w.l(libshutdown2.o)
    0x08000214   0x08000214   0x00000000   Code   RO         4005    .ARM.Collect$$rtentry$$00000000  c_w.l(__rtentry.o)
    0x08000214   0x08000214   0x00000000   Code   RO         4117    .ARM.Collect$$rtentry$$00000002  c_w.l(__rtentry2.o)
    0x08000214   0x08000214   0x00000006   Code   RO         4129    .ARM.Collect$$rtentry$$00000004  c_w.l(__rtentry4.o)
    0x0800021a   0x0800021a   0x00000000   Code   RO         4119    .ARM.Collect$$rtentry$$00000009  c_w.l(__rtentry2.o)
    0x0800021a   0x0800021a   0x00000004   Code   RO         4120    .ARM.Collect$$rtentry$$0000000A  c_w.l(__rtentry2.o)
    0x0800021e   0x0800021e   0x00000000   Code   RO         4122    .ARM.Collect$$rtentry$$0000000C  c_w.l(__rtentry2.o)
    0x0800021e   0x0800021e   0x00000008   Code   RO         4123    .ARM.Collect$$rtentry$$0000000D  c_w.l(__rtentry2.o)
    0x08000226   0x08000226   0x00000002   Code   RO         4203    .ARM.Collect$$rtexit$$00000000  c_w.l(rtexit.o)
    0x08000228   0x08000228   0x00000000   Code   RO         4254    .ARM.Collect$$rtexit$$00000002  c_w.l(rtexit2.o)
    0x08000228   0x08000228   0x00000004   Code   RO         4255    .ARM.Collect$$rtexit$$00000003  c_w.l(rtexit2.o)
    0x0800022c   0x0800022c   0x00000006   Code   RO         4256    .ARM.Collect$$rtexit$$00000004  c_w.l(rtexit2.o)
    0x08000232   0x08000232   0x00000002   PAD
    0x08000234   0x08000234   0x00000040   Code   RO           20  * .text               startup_stm32f10x_md.o
    0x08000274   0x08000274   0x00000024   Code   RO         3943    .text               c_w.l(vsprintf.o)
    0x08000298   0x08000298   0x00000080   Code   RO         3945    .text               c_w.l(strcmpv7m.o)
    0x08000318   0x08000318   0x00000006   Code   RO         3947    .text               c_w.l(heapauxi.o)
    0x0800031e   0x0800031e   0x0000004e   Code   RO         4008    .text               c_w.l(_printf_pad.o)
    0x0800036c   0x0800036c   0x00000024   Code   RO         4010    .text               c_w.l(_printf_truncate.o)
    0x08000390   0x08000390   0x00000052   Code   RO         4012    .text               c_w.l(_printf_str.o)
    0x080003e2   0x080003e2   0x00000002   PAD
    0x080003e4   0x080003e4   0x00000078   Code   RO         4014    .text               c_w.l(_printf_dec.o)
    0x0800045c   0x0800045c   0x00000028   Code   RO         4016    .text               c_w.l(_printf_charcount.o)
    0x08000484   0x08000484   0x00000030   Code   RO         4018    .text               c_w.l(_printf_char_common.o)
    0x080004b4   0x080004b4   0x0000000a   Code   RO         4020    .text               c_w.l(_sputc.o)
    0x080004be   0x080004be   0x00000002   PAD
    0x080004c0   0x080004c0   0x000000bc   Code   RO         4022    .text               c_w.l(_printf_wctomb.o)
    0x0800057c   0x0800057c   0x0000007c   Code   RO         4025    .text               c_w.l(_printf_longlong_dec.o)
    0x080005f8   0x080005f8   0x00000070   Code   RO         4031    .text               c_w.l(_printf_oct_int_ll.o)
    0x08000668   0x08000668   0x00000094   Code   RO         4051    .text               c_w.l(_printf_hex_int_ll_ptr.o)
    0x080006fc   0x080006fc   0x00000188   Code   RO         4071    .text               c_w.l(__printf_flags_ss_wp.o)
    0x08000884   0x08000884   0x0000008a   Code   RO         4131    .text               c_w.l(lludiv10.o)
    0x0800090e   0x0800090e   0x000000b2   Code   RO         4133    .text               c_w.l(_printf_intcommon.o)
    0x080009c0   0x080009c0   0x0000041e   Code   RO         4135    .text               c_w.l(_printf_fp_dec.o)
    0x08000dde   0x08000dde   0x00000002   PAD
    0x08000de0   0x08000de0   0x000002fc   Code   RO         4137    .text               c_w.l(_printf_fp_hex.o)
    0x080010dc   0x080010dc   0x0000002c   Code   RO         4142    .text               c_w.l(_printf_char.o)
    0x08001108   0x08001108   0x0000002c   Code   RO         4144    .text               c_w.l(_printf_wchar.o)
    0x08001134   0x08001134   0x00000040   Code   RO         4147    .text               c_w.l(_wcrtomb.o)
    0x08001174   0x08001174   0x0000004a   Code   RO         4149    .text               c_w.l(sys_stackheap_outer.o)
    0x080011be   0x080011be   0x00000002   PAD
    0x080011c0   0x080011c0   0x00000010   Code   RO         4151    .text               c_w.l(rt_ctype_table.o)
    0x080011d0   0x080011d0   0x00000008   Code   RO         4156    .text               c_w.l(rt_locale_intlibspace.o)
    0x080011d8   0x080011d8   0x00000080   Code   RO         4158    .text               c_w.l(_printf_fp_infnan.o)
    0x08001258   0x08001258   0x000000e4   Code   RO         4160    .text               c_w.l(bigflt0.o)
    0x0800133c   0x0800133c   0x00000012   Code   RO         4188    .text               c_w.l(exit.o)
    0x0800134e   0x0800134e   0x00000002   PAD
    0x08001350   0x08001350   0x00000008   Code   RO         4200    .text               c_w.l(libspace.o)
    0x08001358   0x08001358   0x0000000c   Code   RO         4264    .text               c_w.l(sys_exit.o)
    0x08001364   0x08001364   0x00000002   Code   RO         4275    .text               c_w.l(use_no_semi.o)
    0x08001366   0x08001366   0x00000000   Code   RO         4277    .text               c_w.l(indicate_semi.o)
    0x08001366   0x08001366   0x0000003e   Code   RO         4163    CL$$btod_d2e        c_w.l(btod.o)
    0x080013a4   0x080013a4   0x00000046   Code   RO         4165    CL$$btod_d2e_denorm_low  c_w.l(btod.o)
    0x080013ea   0x080013ea   0x00000060   Code   RO         4164    CL$$btod_d2e_norm_op1  c_w.l(btod.o)
    0x0800144a   0x0800144a   0x00000338   Code   RO         4173    CL$$btod_div_common  c_w.l(btod.o)
    0x08001782   0x08001782   0x000000dc   Code   RO         4170    CL$$btod_e2e        c_w.l(btod.o)
    0x0800185e   0x0800185e   0x0000002a   Code   RO         4167    CL$$btod_ediv       c_w.l(btod.o)
    0x08001888   0x08001888   0x0000002a   Code   RO         4166    CL$$btod_emul       c_w.l(btod.o)
    0x080018b2   0x080018b2   0x00000244   Code   RO         4172    CL$$btod_mult_common  c_w.l(btod.o)
    0x08001af6   0x08001af6   0x00000004   Code   RO         3252    i.BusFault_Handler  stm32f10x_it.o
    0x08001afa   0x08001afa   0x00000002   PAD
    0x08001afc   0x08001afc   0x00000034   Code   RO         3807    i.DHT11_GPIO_Config  dht11.o
    0x08001b30   0x08001b30   0x0000001c   Code   RO         3808    i.DHT11_Mode_IPU    dht11.o
    0x08001b4c   0x08001b4c   0x00000024   Code   RO         3809    i.DHT11_Mode_Out_PP  dht11.o
    0x08001b70   0x08001b70   0x00000002   Code   RO         3253    i.DebugMon_Handler  stm32f10x_it.o
    0x08001b72   0x08001b72   0x00000018   Code   RO         3315    i.Delay_ms          delay.o
    0x08001b8a   0x08001b8a   0x00000018   Code   RO         3316    i.Delay_s           delay.o
    0x08001ba2   0x08001ba2   0x0000002e   Code   RO         3317    i.Delay_us          delay.o
    0x08001bd0   0x08001bd0   0x00000116   Code   RO         1347    i.GPIO_Init         stm32f10x_gpio.o
    0x08001ce6   0x08001ce6   0x00000012   Code   RO         1351    i.GPIO_ReadInputDataBit  stm32f10x_gpio.o
    0x08001cf8   0x08001cf8   0x00000004   Code   RO         1354    i.GPIO_ResetBits    stm32f10x_gpio.o
    0x08001cfc   0x08001cfc   0x00000004   Code   RO         1355    i.GPIO_SetBits      stm32f10x_gpio.o
    0x08001d00   0x08001d00   0x0000000a   Code   RO         1358    i.GPIO_WriteBit     stm32f10x_gpio.o
    0x08001d0a   0x08001d0a   0x00000002   PAD
    0x08001d0c   0x08001d0c   0x000000b8   Code   RO         3714    i.GPS_Init          gps.o
    0x08001dc4   0x08001dc4   0x00000004   Code   RO         3254    i.HardFault_Handler  stm32f10x_it.o
    0x08001dc8   0x08001dc8   0x0000001a   Code   RO         3448    i.MFRC522_AntennaOn  rc522_1.o
    0x08001de2   0x08001de2   0x0000004a   Code   RO         3449    i.MFRC522_Anticoll  rc522_1.o
    0x08001e2c   0x08001e2c   0x0000001a   Code   RO         3453    i.MFRC522_ClearBitMask  rc522_1.o
    0x08001e46   0x08001e46   0x00000044   Code   RO         3456    i.MFRC522_Init      rc522_1.o
    0x08001e8a   0x08001e8a   0x0000001a   Code   RO         3458    i.MFRC522_ReadRegister  rc522_1.o
    0x08001ea4   0x08001ea4   0x00000032   Code   RO         3459    i.MFRC522_Request   rc522_1.o
    0x08001ed6   0x08001ed6   0x0000000c   Code   RO         3460    i.MFRC522_Reset     rc522_1.o
    0x08001ee2   0x08001ee2   0x0000001a   Code   RO         3462    i.MFRC522_SetBitMask  rc522_1.o
    0x08001efc   0x08001efc   0x0000012a   Code   RO         3463    i.MFRC522_ToCard    rc522_1.o
    0x08002026   0x08002026   0x00000016   Code   RO         3465    i.MFRC522_WriteRegister  rc522_1.o
    0x0800203c   0x0800203c   0x00000004   Code   RO         3255    i.MemManage_Handler  stm32f10x_it.o
    0x08002040   0x08002040   0x00000040   Code   RO         3882    i.My_Servo_SetAngle  abc.o
    0x08002080   0x08002080   0x00000002   Code   RO         3256    i.NMI_Handler       stm32f10x_it.o
    0x08002082   0x08002082   0x00000002   PAD
    0x08002084   0x08002084   0x00000070   Code   RO          137    i.NVIC_Init         misc.o
    0x080020f4   0x080020f4   0x00000014   Code   RO          138    i.NVIC_PriorityGroupConfig  misc.o
    0x08002108   0x08002108   0x0000002a   Code   RO         3339    i.OLED_Clear        oled_1.o
    0x08002132   0x08002132   0x00000002   PAD
    0x08002134   0x08002134   0x00000050   Code   RO         3340    i.OLED_I2C_Init     oled_1.o
    0x08002184   0x08002184   0x00000054   Code   RO         3341    i.OLED_I2C_SendByte  oled_1.o
    0x080021d8   0x080021d8   0x00000034   Code   RO         3342    i.OLED_I2C_Start    oled_1.o
    0x0800220c   0x0800220c   0x00000028   Code   RO         3343    i.OLED_I2C_Stop     oled_1.o
    0x08002234   0x08002234   0x000000ae   Code   RO         3344    i.OLED_Init         oled_1.o
    0x080022e2   0x080022e2   0x00000014   Code   RO         3345    i.OLED_Pow          oled_1.o
    0x080022f6   0x080022f6   0x00000022   Code   RO         3346    i.OLED_SetCursor    oled_1.o
    0x08002318   0x08002318   0x00000074   Code   RO         3348    i.OLED_ShowChar     oled_1.o
    0x0800238c   0x0800238c   0x00000044   Code   RO         3350    i.OLED_ShowNum      oled_1.o
    0x080023d0   0x080023d0   0x00000028   Code   RO         3352    i.OLED_ShowString   oled_1.o
    0x080023f8   0x080023f8   0x00000020   Code   RO         3353    i.OLED_WriteCommand  oled_1.o
    0x08002418   0x08002418   0x00000020   Code   RO         3354    i.OLED_WriteData    oled_1.o
    0x08002438   0x08002438   0x00000098   Code   RO         3843    i.PWM_Init          pwm.o
    0x080024d0   0x080024d0   0x00000010   Code   RO         3844    i.PWM_SetCompare2   pwm.o
    0x080024e0   0x080024e0   0x00000002   Code   RO         3257    i.PendSV_Handler    stm32f10x_it.o
    0x080024e2   0x080024e2   0x0000001e   Code   RO         3466    i.RC522_cardScan    rc522_1.o
    0x08002500   0x08002500   0x00000020   Code   RO         1775    i.RCC_APB1PeriphClockCmd  stm32f10x_rcc.o
    0x08002520   0x08002520   0x00000020   Code   RO         1776    i.RCC_APB1PeriphResetCmd  stm32f10x_rcc.o
    0x08002540   0x08002540   0x00000020   Code   RO         1777    i.RCC_APB2PeriphClockCmd  stm32f10x_rcc.o
    0x08002560   0x08002560   0x00000020   Code   RO         1778    i.RCC_APB2PeriphResetCmd  stm32f10x_rcc.o
    0x08002580   0x08002580   0x000000d4   Code   RO         1785    i.RCC_GetClocksFreq  stm32f10x_rcc.o
    0x08002654   0x08002654   0x00000060   Code   RO         3810    i.Read_Byte         dht11.o
    0x080026b4   0x080026b4   0x000000a0   Code   RO         3811    i.Read_DHT11        dht11.o
    0x08002754   0x08002754   0x000000cc   Code   RO         3660    i.SPI1_Init         spi_1.o
    0x08002820   0x08002820   0x00000044   Code   RO         3467    i.SPI1_ReadReg      rc522_1.o
    0x08002864   0x08002864   0x00000040   Code   RO         3468    i.SPI1_WriteReg     rc522_1.o
    0x080028a4   0x080028a4   0x000000d0   Code   RO         3661    i.SPI2_Init         spi_1.o
    0x08002974   0x08002974   0x0000003c   Code   RO         3662    i.SPI_CS_WritePin   spi_1.o
    0x080029b0   0x080029b0   0x00000018   Code   RO         2263    i.SPI_Cmd           stm32f10x_spi.o
    0x080029c8   0x080029c8   0x00000058   Code   RO         2270    i.SPI_I2S_DeInit    stm32f10x_spi.o
    0x08002a20   0x08002a20   0x00000012   Code   RO         2271    i.SPI_I2S_GetFlagStatus  stm32f10x_spi.o
    0x08002a32   0x08002a32   0x00000006   Code   RO         2274    i.SPI_I2S_ReceiveData  stm32f10x_spi.o
    0x08002a38   0x08002a38   0x00000004   Code   RO         2275    i.SPI_I2S_SendData  stm32f10x_spi.o
    0x08002a3c   0x08002a3c   0x0000003c   Code   RO         2276    i.SPI_Init          stm32f10x_spi.o
    0x08002a78   0x08002a78   0x00000052   Code   RO         3663    i.SPI_WriteRead     spi_1.o
    0x08002aca   0x08002aca   0x00000002   Code   RO         3258    i.SVC_Handler       stm32f10x_it.o
    0x08002acc   0x08002acc   0x000000bc   Code   RO         3598    i.Serial_Init       serial_1.o
    0x08002b88   0x08002b88   0x00000024   Code   RO         3599    i.Serial_Printf     serial_1.o
    0x08002bac   0x08002bac   0x00000030   Code   RO         3602    i.Serial_SendString  serial_1.o
    0x08002bdc   0x08002bdc   0x00000008   Code   RO         3861    i.Servo_Init        servo.o
    0x08002be4   0x08002be4   0x0000003c   Code   RO         3862    i.Servo_SetAngle    servo.o
    0x08002c20   0x08002c20   0x00000008   Code   RO           24    i.SetSysClock       system_stm32f10x.o
    0x08002c28   0x08002c28   0x000000e0   Code   RO           25    i.SetSysClockTo72   system_stm32f10x.o
    0x08002d08   0x08002d08   0x00000002   Code   RO         3259    i.SysTick_Handler   stm32f10x_it.o
    0x08002d0a   0x08002d0a   0x00000002   PAD
    0x08002d0c   0x08002d0c   0x00000060   Code   RO           27    i.SystemInit        system_stm32f10x.o
    0x08002d6c   0x08002d6c   0x00000018   Code   RO         2421    i.TIM_Cmd           stm32f10x_tim.o
    0x08002d84   0x08002d84   0x0000000c   Code   RO         2448    i.TIM_InternalClockConfig  stm32f10x_tim.o
    0x08002d90   0x08002d90   0x000000a4   Code   RO         2455    i.TIM_OC2Init       stm32f10x_tim.o
    0x08002e34   0x08002e34   0x00000014   Code   RO         2468    i.TIM_OCStructInit  stm32f10x_tim.o
    0x08002e48   0x08002e48   0x00000004   Code   RO         2483    i.TIM_SetCompare2   stm32f10x_tim.o
    0x08002e4c   0x08002e4c   0x000000a4   Code   RO         2492    i.TIM_TimeBaseInit  stm32f10x_tim.o
    0x08002ef0   0x08002ef0   0x0000007c   Code   RO         3603    i.USART1_IRQHandler  serial_1.o
    0x08002f6c   0x08002f6c   0x0000007c   Code   RO         3716    i.USART2_IRQHandler  gps.o
    0x08002fe8   0x08002fe8   0x00000018   Code   RO         2960    i.USART_Cmd         stm32f10x_usart.o
    0x08003000   0x08003000   0x0000001a   Code   RO         2963    i.USART_GetFlagStatus  stm32f10x_usart.o
    0x0800301a   0x0800301a   0x00000054   Code   RO         2964    i.USART_GetITStatus  stm32f10x_usart.o
    0x0800306e   0x0800306e   0x0000004a   Code   RO         2966    i.USART_ITConfig    stm32f10x_usart.o
    0x080030b8   0x080030b8   0x000000d8   Code   RO         2967    i.USART_Init        stm32f10x_usart.o
    0x08003190   0x08003190   0x0000000a   Code   RO         2974    i.USART_ReceiveData  stm32f10x_usart.o
    0x0800319a   0x0800319a   0x00000008   Code   RO         2977    i.USART_SendData    stm32f10x_usart.o
    0x080031a2   0x080031a2   0x00000004   Code   RO         3260    i.UsageFault_Handler  stm32f10x_it.o
    0x080031a6   0x080031a6   0x00000002   PAD
    0x080031a8   0x080031a8   0x000000e8   Code   RO         3692    i.Wifi_TCP_Init     8266wifi.o
    0x08003290   0x08003290   0x00000028   Code   RO         4198    i.__ARM_fpclassify  m_ws.l(fpclassify.o)
    0x080032b8   0x080032b8   0x0000000e   Code   RO         4064    i._is_digit         c_w.l(__printf_wp.o)
    0x080032c6   0x080032c6   0x00000002   PAD
    0x080032c8   0x080032c8   0x00000054   Code   RO         3883    i.beep_set          abc.o
    0x0800331c   0x0800331c   0x00000084   Code   RO         3196    i.main              main.o
    0x080033a0   0x080033a0   0x00000068   Code   RO         3884    i.send_gps          abc.o
    0x08003408   0x08003408   0x0000003c   Code   RO         3885    i.send_idcard       abc.o
    0x08003444   0x08003444   0x0000004c   Code   RO         3886    i.send_wunshidu     abc.o
    0x08003490   0x08003490   0x0000002c   Code   RO         4186    locale$$code        c_w.l(lc_numeric_c.o)
    0x080034bc   0x080034bc   0x0000002c   Code   RO         4206    locale$$code        c_w.l(lc_ctype_c.o)
    0x080034e8   0x080034e8   0x000000c4   Code   RO         3983    x$fpl$fadd          fz_ws.l(faddsub_clz.o)
    0x080035ac   0x080035ac   0x00000184   Code   RO         3990    x$fpl$fdiv          fz_ws.l(fdiv.o)
    0x08003730   0x08003730   0x0000003e   Code   RO         3993    x$fpl$ffixu         fz_ws.l(ffixu.o)
    0x0800376e   0x0800376e   0x00000002   PAD
    0x08003770   0x08003770   0x00000102   Code   RO         4003    x$fpl$fmul          fz_ws.l(fmul.o)
    0x08003872   0x08003872   0x0000008c   Code   RO         4103    x$fpl$fnaninf       fz_ws.l(fnaninf.o)
    0x080038fe   0x080038fe   0x0000000a   Code   RO         4105    x$fpl$fretinf       fz_ws.l(fretinf.o)
    0x08003908   0x08003908   0x000000ea   Code   RO         3985    x$fpl$fsub          fz_ws.l(faddsub_clz.o)
    0x080039f2   0x080039f2   0x00000004   Code   RO         4107    x$fpl$printf1       fz_ws.l(printf1.o)
    0x080039f6   0x080039f6   0x00000004   Code   RO         4109    x$fpl$printf2       fz_ws.l(printf2.o)
    0x080039fa   0x080039fa   0x00000000   Code   RO         4115    x$fpl$usenofp       fz_ws.l(usenofp.o)
    0x080039fa   0x080039fa   0x000005f0   Data   RO         3355    .constdata          oled_1.o
    0x08003fea   0x08003fea   0x00000002   PAD
    0x08003fec   0x08003fec   0x00000008   Data   RO         4023    .constdata          c_w.l(_printf_wctomb.o)
    0x08003ff4   0x08003ff4   0x00000028   Data   RO         4052    .constdata          c_w.l(_printf_hex_int_ll_ptr.o)
    0x0800401c   0x0800401c   0x00000011   Data   RO         4072    .constdata          c_w.l(__printf_flags_ss_wp.o)
    0x0800402d   0x0800402d   0x00000026   Data   RO         4138    .constdata          c_w.l(_printf_fp_hex.o)
    0x08004053   0x08004053   0x00000001   PAD
    0x08004054   0x08004054   0x00000094   Data   RO         4161    .constdata          c_w.l(bigflt0.o)
    0x080040e8   0x080040e8   0x00000020   Data   RO         4330    Region$$Table       anon$$obj.o
    0x08004108   0x08004108   0x0000001c   Data   RO         4185    locale$$data        c_w.l(lc_numeric_c.o)
    0x08004124   0x08004124   0x00000110   Data   RO         4205    locale$$data        c_w.l(lc_ctype_c.o)


    Execution Region ER_RW (Exec base: 0x20000000, Load base: 0x08004234, Size: 0x00000050, Max: 0xffffffff, ABSOLUTE)

    Exec Addr    Load Addr    Size         Type   Attr      Idx    E Section Name        Object

    0x20000000   0x08004234   0x00000014   Data   RW         1805    .data               stm32f10x_rcc.o
    0x20000014   0x08004248   0x0000000d   Data   RW         3606    .data               serial_1.o
    0x20000021   0x08004255   0x00000003   PAD
    0x20000024   0x08004258   0x00000010   Data   RW         3664    .data               spi_1.o
    0x20000034   0x08004268   0x00000005   Data   RW         3718    .data               gps.o
    0x20000039   0x0800426d   0x00000003   PAD
    0x2000003c   0x08004270   0x00000014   Data   RW         3887    .data               abc.o


    Execution Region ER_ZI (Exec base: 0x20000050, Load base: 0x08004284, Size: 0x00000728, Max: 0xffffffff, ABSOLUTE)

    Exec Addr    Load Addr    Size         Type   Attr      Idx    E Section Name        Object

    0x20000050        -       0x00000064   Zero   RW         3605    .bss                serial_1.o
    0x200000b4        -       0x00000064   Zero   RW         3717    .bss                gps.o
    0x20000118        -       0x00000060   Zero   RW         4201    .bss                c_w.l(libspace.o)
    0x20000178        -       0x00000200   Zero   RW           18    HEAP                startup_stm32f10x_md.o
    0x20000378        -       0x00000400   Zero   RW           17    STACK               startup_stm32f10x_md.o


==============================================================================

Image component sizes


      Code (inc. data)   RO Data    RW Data    ZI Data      Debug   Object Name

       232        140          0          0          0        508   8266wifi.o
       388         94          0         20          0       3335   abc.o
         0          0          0          0          0       4532   core_cm3.o
        94          0          0          0          0       1432   delay.o
       372         28          0          0          0       3497   dht11.o
       308         26          0          5        100       1705   gps.o
       132         16          0          0          0        579   main.o
       132         22          0          0          0     204803   misc.o
       814         22       1520          0          0       7673   oled_1.o
       168          6          0          0          0       1113   pwm.o
       790         18          0          0          0       7880   rc522_1.o
       396         32          0         13        100       3558   serial_1.o
        68         12          0          0          0        942   servo.o
       554         42          0         16          0       3503   spi_1.o
        64         26        236          0       1536        796   startup_stm32f10x_md.o
         0          0          0          0          0       1668   stm32f10x_adc.o
       314          0          0          0          0      12412   stm32f10x_gpio.o
        26          0          0          0          0       3838   stm32f10x_it.o
       340         44          0         20          0      14140   stm32f10x_rcc.o
       200         12          0          0          0      11115   stm32f10x_spi.o
       388         52          0          0          0      24170   stm32f10x_tim.o
       442          6          0          0          0      11977   stm32f10x_usart.o
       328         28          0          0          0      52197   system_stm32f10x.o

    ----------------------------------------------------------------------
      6562        626       1790         80       1736     377373   Object Totals
         0          0         32          0          0          0   (incl. Generated)
        12          0          2          6          0          0   (incl. Padding)

    ----------------------------------------------------------------------

      Code (inc. data)   RO Data    RW Data    ZI Data      Debug   Library Member Name

         8          0          0          0          0         68   __main.o
       392          4         17          0          0         92   __printf_flags_ss_wp.o
        14          0          0          0          0         68   __printf_wp.o
         0          0          0          0          0          0   __rtentry.o
        12          0          0          0          0          0   __rtentry2.o
         6          0          0          0          0          0   __rtentry4.o
        52          8          0          0          0          0   __scatter.o
        26          0          0          0          0          0   __scatter_copy.o
        28          0          0          0          0          0   __scatter_zi.o
         6          0          0          0          0          0   _printf_a.o
         6          0          0          0          0          0   _printf_c.o
        44          0          0          0          0        108   _printf_char.o
        48          6          0          0          0         96   _printf_char_common.o
        40          0          0          0          0         68   _printf_charcount.o
         6          0          0          0          0          0   _printf_d.o
       120         16          0          0          0         92   _printf_dec.o
         6          0          0          0          0          0   _printf_e.o
         6          0          0          0          0          0   _printf_f.o
      1054          0          0          0          0        216   _printf_fp_dec.o
       764          8         38          0          0        100   _printf_fp_hex.o
       128         16          0          0          0         84   _printf_fp_infnan.o
         6          0          0          0          0          0   _printf_g.o
       148          4         40          0          0        160   _printf_hex_int_ll_ptr.o
         6          0          0          0          0          0   _printf_i.o
       178          0          0          0          0         88   _printf_intcommon.o
        10          0          0          0          0          0   _printf_l.o
         6          0          0          0          0          0   _printf_lc.o
        10          0          0          0          0          0   _printf_ll.o
         6          0          0          0          0          0   _printf_lld.o
         6          0          0          0          0          0   _printf_lli.o
         6          0          0          0          0          0   _printf_llo.o
         6          0          0          0          0          0   _printf_llu.o
         6          0          0          0          0          0   _printf_llx.o
       124         16          0          0          0         92   _printf_longlong_dec.o
         6          0          0          0          0          0   _printf_ls.o
         6          0          0          0          0          0   _printf_n.o
         6          0          0          0          0          0   _printf_o.o
       112         10          0          0          0        124   _printf_oct_int_ll.o
         6          0          0          0          0          0   _printf_p.o
        78          0          0          0          0        108   _printf_pad.o
         0          0          0          0          0          0   _printf_percent.o
         4          0          0          0          0          0   _printf_percent_end.o
         6          0          0          0          0          0   _printf_s.o
        82          0          0          0          0         80   _printf_str.o
        36          0          0          0          0         84   _printf_truncate.o
         6          0          0          0          0          0   _printf_u.o
        44          0          0          0          0        108   _printf_wchar.o
       188          6          8          0          0         92   _printf_wctomb.o
         6          0          0          0          0          0   _printf_x.o
        10          0          0          0          0         68   _sputc.o
        64          0          0          0          0         92   _wcrtomb.o
       228          4        148          0          0         96   bigflt0.o
      1936        128          0          0          0        672   btod.o
        18          0          0          0          0         80   exit.o
         6          0          0          0          0        152   heapauxi.o
         0          0          0          0          0          0   indicate_semi.o
        44         10        272          0          0         76   lc_ctype_c.o
        44         10         28          0          0         76   lc_numeric_c.o
         2          0          0          0          0          0   libinit.o
        30          0          0          0          0          0   libinit2.o
         2          0          0          0          0          0   libshutdown.o
         2          0          0          0          0          0   libshutdown2.o
         8          4          0          0         96         68   libspace.o
       138          0          0          0          0         80   lludiv10.o
        16          4          0          0          0         76   rt_ctype_table.o
         8          4          0          0          0         68   rt_locale_intlibspace.o
         2          0          0          0          0          0   rtexit.o
        10          0          0          0          0          0   rtexit2.o
       128          0          0          0          0         68   strcmpv7m.o
        12          4          0          0          0         68   sys_exit.o
        74          0          0          0          0         80   sys_stackheap_outer.o
         2          0          0          0          0         68   use_no_semi.o
        36          4          0          0          0         76   vsprintf.o
       430          8          0          0          0        168   faddsub_clz.o
       388         76          0          0          0         96   fdiv.o
        62          4          0          0          0         84   ffixu.o
       258          4          0          0          0         84   fmul.o
       140          4          0          0          0         84   fnaninf.o
        10          0          0          0          0         68   fretinf.o
         4          0          0          0          0         68   printf1.o
         4          0          0          0          0         68   printf2.o
         0          0          0          0          0          0   usenofp.o
        40          0          0          0          0         68   fpclassify.o

    ----------------------------------------------------------------------
      8044        362        552          0         96       4680   Library Totals
        18          0          1          0          0          0   (incl. Padding)

    ----------------------------------------------------------------------

      Code (inc. data)   RO Data    RW Data    ZI Data      Debug   Library Name

      6690        266        551          0         96       3892   c_w.l
      1296         96          0          0          0        720   fz_ws.l
        40          0          0          0          0         68   m_ws.l

    ----------------------------------------------------------------------
      8044        362        552          0         96       4680   Library Totals

    ----------------------------------------------------------------------

==============================================================================


      Code (inc. data)   RO Data    RW Data    ZI Data      Debug   

     14606        988       2342         80       1832     374561   Grand Totals
     14606        988       2342         80       1832     374561   ELF Image Totals
     14606        988       2342         80          0          0   ROM Totals

==============================================================================

    Total RO  Size (Code + RO Data)                16948 (  16.55kB)
    Total RW  Size (RW Data + ZI Data)              1912 (   1.87kB)
    Total ROM Size (Code + RO Data + RW Data)      17028 (  16.63kB)

==============================================================================

